{"$record":"header","$generatedBy":"scripts/dom-trace.mjs","$what":"Normalized runtime-call trace of a rustc_codegen_js-compiled client module executed against contract/harness/trace.mjs.","fixture":"domtest/04_event_expressions","label":"domtest/04_event_expressions","freeBindingsHealed":[],"status":"completed","error":null,"recordCount":9}
{"op":"template","tmpl":"tmpl#0","html":"<button>Click</button>"}
{"op":"template","tmpl":"tmpl#1","html":"<button>Change</button>"}
{"op":"template","tmpl":"tmpl#2","html":"<button>Custom</button>"}
{"op":"template.clone","tmpl":"tmpl#0","result":"tmpl#0:root"}
{"op":"delegateEvents","events":["click"],"document":"undefined"}
{"op":"template.clone","tmpl":"tmpl#1","result":"tmpl#1:root"}
{"op":"node.addEventListener","node":"tmpl#1:root","name":"change","handler":"fn#0","options":"undefined"}
{"op":"template.clone","tmpl":"tmpl#2","result":"tmpl#2:root"}
{"op":"node.addEventListener","node":"tmpl#2:root","name":"custom-event","handler":"fn#1","options":"undefined"}
