{"$record":"header","$generatedBy":"scripts/dom-trace.mjs","$what":"Normalized runtime-call trace of a rustc_codegen_js-compiled client module executed against contract/harness/trace.mjs.","fixture":"domtest/18_hydratable","label":"domtest/18_hydratable","freeBindingsHealed":[],"status":"completed","error":null,"recordCount":20}
{"op":"template","tmpl":"tmpl#0","html":"<span>Hello <!$><!/></span>"}
{"op":"template","tmpl":"tmpl#1","html":"<span><!$><!/> John</span>"}
{"op":"template","tmpl":"tmpl#2","html":"<span><!$><!/> and <!$><!/> both</span>"}
{"op":"template","tmpl":"tmpl#3","html":"<div><span>Hello <!$><!/></span><p>after</p></div>"}
{"op":"template","tmpl":"tmpl#4","html":"<span>Hello John</span>"}
{"op":"getNextElement","tmpl":"tmpl#0","result":"hk#0"}
{"op":"getNextMarker","start":"hk#0.firstChild.nextSibling.nextSibling","end":"marker#1"}
{"op":"insert","parent":"hk#0","accessor":"John","marker":"marker#1","initial":[]}
{"op":"getNextElement","tmpl":"tmpl#1","result":"hk#2"}
{"op":"getNextMarker","start":"hk#2.firstChild.nextSibling","end":"marker#3"}
{"op":"insert","parent":"hk#2","accessor":"Hello","marker":"marker#3","initial":[]}
{"op":"getNextElement","tmpl":"tmpl#2","result":"hk#4"}
{"op":"getNextMarker","start":"hk#4.firstChild.nextSibling","end":"marker#5"}
{"op":"getNextMarker","start":"marker#5.nextSibling.nextSibling.nextSibling","end":"marker#6"}
{"op":"insert","parent":"hk#4","accessor":"Hello","marker":"marker#5","initial":[]}
{"op":"insert","parent":"hk#4","accessor":"John","marker":"marker#6","initial":[]}
{"op":"getNextElement","tmpl":"tmpl#3","result":"hk#7"}
{"op":"getNextMarker","start":"hk#7.firstChild.firstChild.nextSibling.nextSibling","end":"marker#8"}
{"op":"insert","parent":"hk#7.firstChild","accessor":"John","marker":"marker#8","initial":[]}
{"op":"getNextElement","tmpl":"tmpl#4","result":"hk#9"}
