// rustc_codegen_js — program
import * as __rt from "./shim.js";
// ./topcoat-dom.js
import { insert as _$insert } from "./topcoat-dom.js";
// ./topcoat-dom.js
import { template as _$template } from "./topcoat-dom.js";
const tmpl$h94c848bb069142c0 = _$template("<span></span>");
const tmpl$h85a5b653bbcc8b42 = _$template("<ul><li></li><li></li><li></li><li></li></ul>");
const tmpl$hf6cbd6a9cadd62de = _$template("<ul></ul>");
const tmpl$he15647176a3d34ce = _$template("<li></li>");
// fmt::num::DECIMAL_PAIRS
let core$fmt$num$DECIMAL_PAIRS$h8b0f4fea92ab79f5 = [[48, 48, 48, 49, 48, 50, 48, 51, 48, 52, 48, 53, 48, 54, 48, 55, 48, 56, 48, 57, 49, 48, 49, 49, 49, 50, 49, 51, 49, 52, 49, 53, 49, 54, 49, 55, 49, 56, 49, 57, 50, 48, 50, 49, 50, 50, 50, 51, 50, 52, 50, 53, 50, 54, 50, 55, 50, 56, 50, 57, 51, 48, 51, 49, 51, 50, 51, 51, 51, 52, 51, 53, 51, 54, 51, 55, 51, 56, 51, 57, 52, 48, 52, 49, 52, 50, 52, 51, 52, 52, 52, 53, 52, 54, 52, 55, 52, 56, 52, 57, 53, 48, 53, 49, 53, 50, 53, 51, 53, 52, 53, 53, 53, 54, 53, 55, 53, 56, 53, 57, 54, 48, 54, 49, 54, 50, 54, 51, 54, 52, 54, 53, 54, 54, 54, 55, 54, 56, 54, 57, 55, 48, 55, 49, 55, 50, 55, 51, 55, 52, 55, 53, 55, 54, 55, 55, 55, 56, 55, 57, 56, 48, 56, 49, 56, 50, 56, 51, 56, 52, 56, 53, 56, 54, 56, 55, 56, 56, 56, 57, 57, 48, 57, 49, 57, 50, 57, 51, 57, 52, 57, 53, 57, 54, 57, 55, 57, 56, 57, 57]];
// <lib::Sink as core::fmt::Write> vtable
const vtable$lib$Sink$core$fmt$Write$h316e84865bc9eac0 = [null, 4, 4, lib$impl_4_write_str$h93d2e30ceff31153, lib$impl_4_write_char$h2ebd2c84e3615c11, core$fmt$Write$write_fmt$had18736bafff013a];
// `alloc` allocator shim
function _RNvCs1lVxXr9ZvqQ_7___rustc12___rust_alloc(layout$size, layout$align) {
  return __rt.alloc(layout$size, layout$align);
}
// `dealloc` allocator shim
function _RNvCs1lVxXr9ZvqQ_7___rustc14___rust_dealloc(ptr, layout$size, layout$align) {
  __rt.dealloc(ptr, layout$size, layout$align);
}
// panic
function _RNvCs1lVxXr9ZvqQ_7___rustc17rust_begin_unwind(_1) {
  for (;;) {}
}
// `alloc_zeroed` allocator shim
function _RNvCs1lVxXr9ZvqQ_7___rustc19___rust_alloc_zeroed(layout$size, layout$align) {
  return __rt.alloc_zeroed(layout$size, layout$align);
}
// `alloc_error_handler` allocator shim
function _RNvCs1lVxXr9ZvqQ_7___rustc26___rust_alloc_error_handler(layout$size, layout$align) {
  __rt.alloc_error(layout$size, layout$align);
}
// `__rust_no_alloc_shim_is_unstable_v2` allocator shim
function _RNvCs1lVxXr9ZvqQ_7___rustc35___rust_no_alloc_shim_is_unstable_v2() {}
// alloc::handle_alloc_error
function alloc$alloc$handle_alloc_error$h69221b1ecbce9a86(layout) {
  _RNvCs1lVxXr9ZvqQ_7___rustc26___rust_alloc_error_handler(layout.size, layout.align);
  throw new Error("rustc_codegen_js: diverging call returned");
  throw new Error("rustc_codegen_js: entered unreachable code");
}
// alloc::alloc::Global::alloc_impl_runtime
function alloc$alloc$impl_0_alloc_impl_runtime$h4a47ccc633324138(layout, zeroed) {
  let _0, size, raw_ptr, ptr, _12, _13, _14, _25, _26, _30, _31, _32;
  size = layout.size;
  L0: {
    if (size === 0) {
      _12 = layout.align;
      _14 = _12;
      _13 = { buf: _14.buf, off: _14.off, len: 0 };
      if (false) {
        core$ptr$non_null$impl_3_new_unchecked$precondition_check$hd790945cfeefe665(_12, { filename: "core/src/ptr/non_null.rs", line: 238, col: 13 });
      }
      _0 = { TAG: "Ok", _0: _13 };
    } else {
      if (zeroed) {
        _31 = layout.align;
        _RNvCs1lVxXr9ZvqQ_7___rustc35___rust_no_alloc_shim_is_unstable_v2();
        raw_ptr = _RNvCs1lVxXr9ZvqQ_7___rustc19___rust_alloc_zeroed(size, _31);
      } else {
        _32 = layout.align;
        _RNvCs1lVxXr9ZvqQ_7___rustc35___rust_no_alloc_shim_is_unstable_v2();
        raw_ptr = _RNvCs1lVxXr9ZvqQ_7___rustc12___rust_alloc(size, _32);
      }
      if (__rt.addr(raw_ptr, 1) >>> 0 === 0) {
        _30 = 1 === 1;
        _0 = { TAG: "Err", _0: {} };
        break L0;
      } else {
        if (false) {
          core$ptr$non_null$impl_3_new_unchecked$precondition_check$hd790945cfeefe665(raw_ptr, { filename: "core/src/ptr/non_null.rs", line: 238, col: 13 });
        }
        ptr = raw_ptr;
        _26 = ptr;
        _25 = { buf: _26.buf, off: _26.off, len: size };
        if (false) {
          core$ptr$non_null$impl_3_new_unchecked$precondition_check$hd790945cfeefe665(ptr, { filename: "core/src/ptr/non_null.rs", line: 238, col: 13 });
        }
        _0 = { TAG: "Ok", _0: _25 };
      }
    }
  }
  return _0;
}
// <alloc::alloc::Global as core::alloc::Allocator>::allocate
function alloc$alloc$impl_1_allocate$hf68d238b9987ff29(self, layout) {
  return alloc$alloc$impl_0_alloc_impl_runtime$h4a47ccc633324138(layout, false);
}
// <alloc::alloc::Global as core::alloc::Allocator>::allocate_zeroed
function alloc$alloc$impl_1_allocate_zeroed$h15d3fee020ae2d59(self, layout) {
  return alloc$alloc$impl_0_alloc_impl_runtime$h4a47ccc633324138(layout, true);
}
// <alloc::alloc::Global as core::alloc::Allocator>::deallocate
function alloc$alloc$impl_1_deallocate$h09d9659e02676691(self, ptr, layout) {
  let _0, _4, _5;
  _4 = layout.size;
  _5 = layout.align;
  if (_4 !== 0) {
    _0 = _RNvCs1lVxXr9ZvqQ_7___rustc14___rust_dealloc(ptr, _4, _5);
  }
}
// raw_vec::capacity_overflow
function alloc$raw_vec$capacity_overflow$ha63c18a59d7a8e58() {
  core$panicking$panic_fmt$hdaf85415329cda6a({ template: { buf: __rt.str_bytes("capacity overflow").buf, off: 0 }, args: (__rt.str_bytes("capacity overflow").len << 1 >>> 0 | 1) >>> 0 }, { filename: "alloc/src/raw_vec/mod.rs", line: 28, col: 5 });
  throw new Error("rustc_codegen_js: diverging call returned");
  throw new Error("rustc_codegen_js: entered unreachable code");
}
// raw_vec::handle_error
function alloc$raw_vec$handle_error$ha6b2a2e8076ea335(e) {
  let _2;
  switch (e.kind.TAG) {
    case "CapacityOverflow":
      alloc$raw_vec$capacity_overflow$ha63c18a59d7a8e58();
      throw new Error("rustc_codegen_js: diverging call returned");
      throw new Error("rustc_codegen_js: entered unreachable code");
    case "AllocError":
      _2 = { TAG: "AllocError", layout: { size: e.kind.layout.size, align: e.kind.layout.align }, non_exhaustive: undefined };
      alloc$alloc$handle_alloc_error$h69221b1ecbce9a86({ size: _2.layout.size, align: _2.layout.align });
      throw new Error("rustc_codegen_js: diverging call returned");
      throw new Error("rustc_codegen_js: entered unreachable code");
    default:
      throw new Error("rustc_codegen_js: entered unreachable code");
  }
}
// <alloc::raw_vec::RawVec<T, A> as core::ops::Drop>::drop
function alloc$raw_vec$impl_3_drop$h4dac16ed1085250c(self) {
  let _0;
  _0 = alloc$raw_vec$impl_5_deallocate$h12ad165cfdb06f4c(self.inner, { size: 1, align: 1 });
}
// alloc::raw_vec::RawVecInner::<A>::deallocate
function alloc$raw_vec$impl_5_deallocate$h12ad165cfdb06f4c(self, elem_layout) {
  let _3, _10, _11, _13, _14, _19, _20;
  _19 = elem_layout.size;
  _20 = elem_layout.align;
  L0: {
    if (_19 !== 0) {
      if (self.cap >>> 0 !== 0) {
        _11 = self.cap >>> 0;
        if (false) {
          core$num$impl_11_unchecked_mul$precondition_check$he9b4e9f8dc33cc65(_19, _11, { filename: "core/src/num/mod.rs", line: 1417, col: 5 });
        }
        _10 = Math.imul(_19, _11) >>> 0;
        _14 = _20;
        if (false) {
          core$alloc$layout$impl_0_from_size_align_unchecked$precondition_check$h05bbdc381a6f4bb6(_10, _14, { filename: "core/src/alloc/layout.rs", line: 133, col: 9 });
        }
        _13 = { size: _10, align: _20 };
        _3 = { TAG: "Some", _0: [self.ptr, { size: _13.size, align: _13.align }] };
        alloc$alloc$impl_1_deallocate$h09d9659e02676691(self.alloc, _3._0[0], { size: _3._0[1].size, align: _3._0[1].align });
        break L0;
      }
    }
  }
}
// alloc::raw_vec::RawVecInner::<A>::try_allocate_in
function alloc$raw_vec$impl_7_try_allocate_in$h938b13dc8d6947cd(capacity, init, alloc, elem_layout) {
  let _0, _5, layout, result, _11, _17, _24, _25, _28, _31, _39;
  _39 = elem_layout.align;
  _25 = (($w) => [$w >>> 0, $w >>> 0 !== $w])((elem_layout.size >>> 0) * (capacity >>> 0));
  _28 = _25[0] >>> 0;
  _24 = _25[1];
  L0: {
    L1: {
      if (!_24) {
        if (_28 <= 2147483648 - _39 >>> 0) {
          _31 = { size: _28, align: _39 };
          _5 = { TAG: "Ok", _0: { size: _31.size, align: _31.align } };
          layout = { size: _5._0.size, align: _5._0.align };
          if (layout.size === 0) {
            _0 = { TAG: "Ok", _0: { ptr: _39, cap: 0, alloc: alloc } };
            break L0;
          } else {
            _11 = init;
            L3: {
              switch (_11) {
                case "Uninitialized":
                  result = alloc$alloc$impl_1_allocate$hf68d238b9987ff29(alloc, { size: layout.size, align: layout.align });
                  break;
                case "Zeroed":
                  result = alloc$alloc$impl_1_allocate_zeroed$h15d3fee020ae2d59(alloc, { size: layout.size, align: layout.align });
                  break;
                default:
                  break L3;
              }
              switch (result.TAG) {
                case "Ok":
                  _0 = { TAG: "Ok", _0: { ptr: result._0, cap: capacity >>> 0, alloc: alloc } };
                  break L0;
                case "Err":
                  _17 = { TAG: "AllocError", layout: { size: layout.size, align: layout.align }, non_exhaustive: undefined };
                  _0 = { TAG: "Err", _0: { kind: _17.TAG === "CapacityOverflow" ? { TAG: "CapacityOverflow" } : { TAG: "AllocError", layout: { size: _17.layout.size, align: _17.layout.align }, non_exhaustive: _17.non_exhaustive } } };
                  break L1;
                default:
              }
            }
            throw new Error("rustc_codegen_js: entered unreachable code");
          }
        }
      }
      _0 = { TAG: "Err", _0: { kind: { TAG: "CapacityOverflow" } } };
    }
  }
  return _0;
}
// <T as alloc::slice::<impl [T]>::to_vec_in::ConvertVec>::to_vec
function alloc$slice$impl_0_to_vec_in$impl_1_to_vec$h9c57a676497af98c(s, alloc) {
  let _0, len, _5, _6, _8, _9, _10, _12, _17, _21, _22, _27;
  len = s.len;
  _9 = { size: 1, align: 1 };
  _10 = alloc$raw_vec$impl_7_try_allocate_in$h938b13dc8d6947cd(len, "Uninitialized", alloc, { size: _9.size, align: _9.align });
  switch (_10.TAG) {
    case "Ok":
      _8 = _10._0;
      if (_9.size === 0) {
        _17 = 4294967295;
      } else {
        _17 = _8.cap >>> 0;
      }
      _12 = !(len > _17 - 0 >>> 0);
      if (false) {
        core$hint$assert_unchecked$precondition_check$hdce51c1a1d470deb(_12, { filename: "core/src/hint.rs", line: 205, col: 9 });
      }
      _0 = { buf: { inner: _8, _marker: undefined }, len: 0 };
      if (len > 0) {
        _21 = s;
        _22 = _0.buf.inner.ptr;
        _5 = _21;
        _6 = _22;
        if (false) {
          core$ptr$copy_nonoverlapping$precondition_check$h25cfb1cf714f1d8e(_21, _22, 1, 1, len, { filename: "core/src/ptr/mod.rs", line: 534, col: 5 });
        }
        __rt.copy_nonoverlapping(_6, _5, len);
        if (false) {
          if (1 === 0) {
            _27 = 4294967295;
          } else {
            _27 = _0.buf.inner.cap >>> 0;
          }
          alloc$vec$impl_1_set_len$precondition_check$hbd50cb228ff725b7(len, _27, { filename: "alloc/src/vec/mod.rs", line: 2225, col: 9 });
        }
        _0.len = len;
      }
      return _0;
    case "Err":
      alloc$raw_vec$handle_error$ha6b2a2e8076ea335(_10._0);
      throw new Error("rustc_codegen_js: diverging call returned");
      throw new Error("rustc_codegen_js: entered unreachable code");
    default:
      throw new Error("rustc_codegen_js: entered unreachable code");
  }
}
// <alloc::string::String as core::fmt::Display>::fmt
function alloc$string$impl_28_fmt$h017d8dc965171a6d(self, f) {
  let _4, _6;
  _6 = self.vec.buf.inner.ptr;
  _4 = { buf: _6.buf, off: _6.off, len: self.vec.len };
  return core$fmt$impl_20_fmt$h13b70ce748cf602d(__rt.bytes_str(_4.buf, _4.off, _4.len), f);
}
// <alloc::string::String as core::convert::From<&str>>::from
function alloc$string$impl_48_from$he3d13751303212b5(s) {
  let _2;
  _2 = alloc$slice$impl_0_to_vec_in$impl_1_to_vec$h9c57a676497af98c(__rt.str_bytes(s), undefined);
  return { vec: { buf: { inner: { ptr: _2.buf.inner.ptr, cap: _2.buf.inner.cap, alloc: _2.buf.inner.alloc }, _marker: _2.buf._marker }, len: _2.len } };
}
// <alloc::vec::Vec<T, A> as core::ops::Drop>::drop
function alloc$vec$impl_27_drop$h74bb56ea0e01c708(self) {
  let _3, _4, _6, _7, _8;
  _3 = self.buf.inner.ptr;
  _4 = self.len;
  _6 = { buf: _3.buf, off: _3.off, len: _4 };
  _7 = 0;
  for (;;) {
    if (_7 === _4) {
      return;
    } else {
      _8 = { buf: _6.buf, off: _6.off + _7 };
      _7 = _7 + 1 >>> 0;
    }
  }
}
// core::fmt::Write::write_fmt
function core$fmt$Write$write_fmt$had18736bafff013a(self, args) {
  return core$fmt$Write$write_fmt$impl_1_spec_write_fmt$h264455cf4b44f1d0(self, args);
}
// <&mut W as core::fmt::Write::write_fmt::SpecWriteFmt>::spec_write_fmt
function core$fmt$Write$write_fmt$impl_1_spec_write_fmt$h264455cf4b44f1d0(self, args) {
  let _0, _3, _6, _7, _8, _10, _12, _13, _14, _15, _19;
  _8 = args.args >>> 0;
  _10 = (_8 & 1) >>> 0;
  L0: {
    L1: {
      if (_10 === 1) {
        _14 = args.template;
        _13 = _14;
        _15 = _8 >>> 1 >>> 0;
        if (false) {
          core$slice$raw$from_raw_parts$precondition_check$h03dd1669dc7ad7f8(_14, 1, 1, _15, { filename: "core/src/slice/raw.rs", line: 127, col: 9 });
        }
        _12 = { buf: _13.buf, off: _13.off, len: _15 };
        _3 = { TAG: "Some", _0: __rt.bytes_str(_12.buf, _12.off, _12.len) };
        _19 = _3.TAG === "None" ? 0 : 1;
        _7 = _19 === 1;
        _6 = false;
        if (_6) {
          _0 = lib$impl_4_write_str$h93d2e30ceff31153(self, _3._0);
          break L0;
        }
      } else {
        _3 = { TAG: "None" };
        _19 = _3.TAG === "None" ? 0 : 1;
        _7 = _19 === 1;
        _6 = false;
        if (_6) {
          break L1;
        }
      }
    }
    _0 = core$fmt$write$h10d817f8a1ec0916({ ptr: self, meta: vtable$lib$Sink$core$fmt$Write$h316e84865bc9eac0 }, args);
  }
  return _0;
}
// fmt::PostPadding::write
function core$fmt$impl_11_write$h73965297b90eebee(self, f) {
  let _0, iter, _14, iter$1, $t0;
  iter$1 = 0;
  iter = self.padding;
  for (;;) {
    if (iter$1 < iter) {
      if (false) {
        core$num$impl_7_unchecked_add$precondition_check$h8fe53dade74a2a0c(iter$1, 1, { filename: "core/src/num/mod.rs", line: 1231, col: 5 });
      }
      iter$1 = iter$1 + 1 & 65535;
      $t0 = f.buf;
      switch ($t0.meta[4]($t0.ptr, self.fill).TAG) {
        case "Ok":
          continue;
        case "Err":
          _14 = 1 === 1;
          _0 = { TAG: "Err", _0: {} };
          break;
        default:
          throw new Error("rustc_codegen_js: entered unreachable code");
      }
    } else {
      _0 = { TAG: "Ok", _0: undefined };
    }
    return _0;
  }
}
// fmt::Formatter::<'a>::pad
function core$fmt$impl_12_pad$hc044bedb095f4a6b(self, s) {
  let _0, _3, iter, remaining, _10, _11, _13, char_count, _16, _20, post_padding, _31, _36, _38, _42, _47, _48, _49, _53, _56, _57, _59, _61, _65, _70, _72, _75, $t0, $t1, $t2;
  _3 = (self.options.flags & 402653184) >>> 0;
  L0: {
    if (_3 === 0) {
      $t0 = self.buf;
      _0 = $t0.meta[3]($t0.ptr, s);
    } else {
      _31 = (self.options.flags & 268435456) >>> 0;
      L1: {
        if (_31 === 0) {
          _59 = __rt.str_bytes(s);
          _61 = _59;
          _65 = _61;
          char_count = core$str$iter$impl_0_count$h12697c668dfdb44c({ iter: { ptr: _61, end_or_len: { buf: _65.buf, off: _65.off + _59.len, sc: _65.sc }, _marker: undefined } });
        } else {
          _36 = __rt.str_bytes(s);
          _38 = _36;
          _42 = _38;
          iter = { front_offset: 0, iter: { iter: { ptr: _38, end_or_len: { buf: _42.buf, off: _42.off + _36.len, sc: _42.sc }, _marker: undefined } } };
          _11 = self.options.precision >>> 0;
          _10 = iter;
          _47 = (($n) => $n === 0 ? { TAG: "None" } : { TAG: "Some", _0: $n >>> 0 })(_11);
          _48 = _47.TAG;
          L3: {
            switch (_48) {
              case "None":
                break;
              case "Some":
                _49 = core$iter$traits$iterator$Iterator$try_fold$hbbd2d9dc20063624(_10, _47._0, undefined);
                switch (_49.TAG) {
                  case "None":
                    break;
                  case "Some":
                    remaining = _49._0 >>> 0;
                    break L3;
                  default:
                    break L1;
                }
                break;
              default:
                break L1;
            }
            remaining = 0;
          }
          _13 = iter.front_offset;
          _53 = s;
          if (false) {
            core$str$traits$impl_7_get_unchecked$precondition_check$h364e891202df6893(0, _13, __rt.str_len(s), { filename: "core/src/str/traits.rs", line: 202, col: 9 });
          }
          _57 = { buf: __rt.str_bytes(_53).buf, off: 0 };
          _56 = { buf: _57.buf, off: _57.off, len: _13 };
          s = __rt.bytes_str(_56.buf, _56.off, _56.len);
          char_count = _11 - remaining >>> 0;
        }
        _16 = char_count < self.options.width >>> 0;
        L8: {
          if (_16) {
            _20 = core$fmt$impl_12_padding$h37c0976913ba1bed(self, self.options.width - (char_count & 65535) & 65535, "Left");
            switch (_20.TAG) {
              case "Ok":
                _70 = _20._0;
                $t2 = self.buf;
                post_padding = { fill: _70.fill, padding: _70.padding };
                switch ($t2.meta[3]($t2.ptr, s).TAG) {
                  case "Ok":
                    _0 = core$fmt$impl_11_write$h73965297b90eebee(post_padding, self);
                    break L8;
                  case "Err":
                    _75 = 1 === 1;
                    _0 = { TAG: "Err", _0: {} };
                    break;
                  default:
                    break L1;
                }
                break;
              case "Err":
                _72 = 1 === 1;
                _0 = { TAG: "Err", _0: {} };
                break;
              default:
                break L1;
            }
            break L0;
          } else {
            $t1 = self.buf;
            _0 = $t1.meta[3]($t1.ptr, s);
          }
        }
        break L0;
      }
      throw new Error("rustc_codegen_js: entered unreachable code");
    }
  }
  return _0;
}
// fmt::Formatter::<'a>::pad_integral
function core$fmt$impl_12_pad_integral$h9e9154869259be1b(self, is_nonnegative, prefix, buf) {
  let _0, width, sign, prefix$1, _8, min, _11, old_options, _20, post_padding, _30, post_padding$1, _48, _50, _54, _60, _61, _70, _72, _74, _77, _80, _82, _84, _87, _90, $t0, $t1, $t2;
  width = __rt.str_bytes(buf).len;
  sign = { TAG: "None" };
  if (is_nonnegative) {
    if ((self.options.flags & 2097152) >>> 0 !== 0) {
      sign = { TAG: "Some", _0: 43 };
      width = width + 1 >>> 0;
    }
  } else {
    sign = { TAG: "Some", _0: 45 };
    width = width + 1 >>> 0;
  }
  if ((self.options.flags & 8388608) >>> 0 === 0) {
    prefix$1 = { TAG: "None" };
  } else {
    _48 = __rt.str_bytes(prefix);
    _50 = _48;
    _54 = _50;
    _8 = core$str$iter$impl_0_count$h12697c668dfdb44c({ iter: { ptr: _50, end_or_len: { buf: _54.buf, off: _54.off + _48.len, sc: _54.sc }, _marker: undefined } });
    width = width + _8 >>> 0;
    prefix$1 = { TAG: "Some", _0: prefix };
  }
  min = self.options.width;
  _11 = width >= min >>> 0;
  L3: {
    L4: {
      L5: {
        L6: {
          if (_11) {
            switch (core$fmt$impl_12_pad_integral$write_prefix$hd1ece8e41ed0fd15(self, sign, prefix$1).TAG) {
              case "Ok":
                $t0 = self.buf;
                _0 = $t0.meta[3]($t0.ptr, buf);
                break;
              case "Err":
                _60 = 1 === 1;
                _0 = { TAG: "Err", _0: {} };
                break L5;
              default:
                break L3;
            }
          } else {
            _61 = (self.options.flags & 16777216) >>> 0;
            L8: {
              L9: {
                if (_61 === 0) {
                  _30 = core$fmt$impl_12_padding$h37c0976913ba1bed(self, min - (width & 65535) & 65535, "Right");
                  switch (_30.TAG) {
                    case "Ok":
                      _82 = _30._0;
                      post_padding$1 = { fill: _82.fill, padding: _82.padding };
                      switch (core$fmt$impl_12_pad_integral$write_prefix$hd1ece8e41ed0fd15(self, sign, prefix$1).TAG) {
                        case "Ok":
                          $t2 = self.buf;
                          switch ($t2.meta[3]($t2.ptr, buf).TAG) {
                            case "Ok":
                              _0 = core$fmt$impl_11_write$h73965297b90eebee(post_padding$1, self);
                              break L9;
                            case "Err":
                              _90 = 1 === 1;
                              _0 = { TAG: "Err", _0: {} };
                              break;
                            default:
                              break L3;
                          }
                          break;
                        case "Err":
                          _87 = 1 === 1;
                          _0 = { TAG: "Err", _0: {} };
                          break;
                        default:
                          break L3;
                      }
                      break;
                    case "Err":
                      _84 = 1 === 1;
                      _0 = { TAG: "Err", _0: {} };
                      break;
                    default:
                      break L3;
                  }
                  break L8;
                } else {
                  old_options = { flags: self.options.flags, width: self.options.width, precision: self.options.precision };
                  self.options.flags = ((self.options.flags & 4292870144) >>> 0 | 48) >>> 0;
                  self.options.flags = ((self.options.flags & 2684354559) >>> 0 | 536870912) >>> 0;
                  switch (core$fmt$impl_12_pad_integral$write_prefix$hd1ece8e41ed0fd15(self, sign, prefix$1).TAG) {
                    case "Ok":
                      _20 = core$fmt$impl_12_padding$h37c0976913ba1bed(self, min - (width & 65535) & 65535, "Right");
                      switch (_20.TAG) {
                        case "Ok":
                          _72 = _20._0;
                          $t1 = self.buf;
                          post_padding = { fill: _72.fill, padding: _72.padding };
                          switch ($t1.meta[3]($t1.ptr, buf).TAG) {
                            case "Ok":
                              switch (core$fmt$impl_11_write$h73965297b90eebee(post_padding, self).TAG) {
                                case "Ok":
                                  self.options = { flags: old_options.flags, width: old_options.width, precision: old_options.precision };
                                  _0 = { TAG: "Ok", _0: undefined };
                                  break L9;
                                case "Err":
                                  _80 = 1 === 1;
                                  _0 = { TAG: "Err", _0: {} };
                                  break;
                                default:
                                  break L3;
                              }
                              break;
                            case "Err":
                              _77 = 1 === 1;
                              _0 = { TAG: "Err", _0: {} };
                              break;
                            default:
                              break L3;
                          }
                          break;
                        case "Err":
                          _74 = 1 === 1;
                          _0 = { TAG: "Err", _0: {} };
                          break;
                        default:
                          break L3;
                      }
                      break;
                    case "Err":
                      _70 = 1 === 1;
                      _0 = { TAG: "Err", _0: {} };
                      break;
                    default:
                      break L3;
                  }
                  break L8;
                }
              }
              break L6;
            }
            break L5;
          }
        }
        break L4;
      }
    }
    return _0;
  }
  throw new Error("rustc_codegen_js: entered unreachable code");
}
// fmt::Formatter::<'a>::pad_integral::write_prefix
function core$fmt$impl_12_pad_integral$write_prefix$hd1ece8e41ed0fd15(f, sign, prefix) {
  let _0, _4, _14, $t0, $t1;
  _4 = sign.TAG;
  L0: {
    L1: {
      switch (_4) {
        case "None":
          break;
        case "Some":
          $t0 = f.buf;
          switch ($t0.meta[4]($t0.ptr, sign._0).TAG) {
            case "Ok":
              break;
            case "Err":
              _14 = 1 === 1;
              _0 = { TAG: "Err", _0: {} };
              break L1;
            default:
              break L0;
          }
          break;
        default:
          break L0;
      }
      switch (prefix.TAG) {
        case "None":
          _0 = { TAG: "Ok", _0: undefined };
          break;
        case "Some":
          $t1 = f.buf;
          _0 = $t1.meta[3]($t1.ptr, prefix._0);
          break;
        default:
          break L0;
      }
    }
    return _0;
  }
  throw new Error("rustc_codegen_js: entered unreachable code");
}
// fmt::Formatter::<'a>::padding
function core$fmt$impl_12_padding$h37c0976913ba1bed(self, padding, _default) {
  let _0, _4, fill, _6, padding_left, iter, _15, _23, iter$1, $t0;
  _15 = (self.options.flags & 1610612736) >>> 0;
  L0: {
    L1: {
      L2: {
        L3: {
          switch (_15) {
            case 0:
              _4 = { TAG: "Some", _0: "Left" };
              _default = _4._0;
              _6 = self.options;
              fill = core$fmt$impl_1_get_fill$hafcf532c77b7575a(_6);
              break L3;
            case 536870912:
              _4 = { TAG: "Some", _0: "Right" };
              _default = _4._0;
              _6 = self.options;
              fill = core$fmt$impl_1_get_fill$hafcf532c77b7575a(_6);
              break L2;
            case 1073741824:
              _4 = { TAG: "Some", _0: "Center" };
              _default = _4._0;
              _6 = self.options;
              fill = core$fmt$impl_1_get_fill$hafcf532c77b7575a(_6);
              break;
            default:
              _6 = self.options;
              fill = core$fmt$impl_1_get_fill$hafcf532c77b7575a(_6);
              switch (_default) {
                case "Left":
                  break L3;
                case "Right":
                  break L2;
                case "Center":
                  break;
                default:
                  break L0;
              }
          }
          padding_left = padding / 2 & 65535;
          break L1;
        }
        padding_left = 0;
        break L1;
      }
      padding_left = padding;
    }
    iter$1 = 0;
    iter = padding_left;
    L7: for (;;) {
      if (iter$1 < iter) {
        if (false) {
          core$num$impl_7_unchecked_add$precondition_check$h8fe53dade74a2a0c(iter$1, 1, { filename: "core/src/num/mod.rs", line: 1231, col: 5 });
        }
        iter$1 = iter$1 + 1 & 65535;
        $t0 = self.buf;
        switch ($t0.meta[4]($t0.ptr, fill).TAG) {
          case "Ok":
            continue;
          case "Err":
            _23 = 1 === 1;
            _0 = { TAG: "Err", _0: {} };
            break;
          default:
            break L7;
        }
      } else {
        _0 = { TAG: "Ok", _0: { fill: fill, padding: padding - padding_left & 65535 } };
      }
      return _0;
    }
  }
  throw new Error("rustc_codegen_js: entered unreachable code");
}
// core::fmt::Formatter::<'a>::write_fmt
function core$fmt$impl_12_write_fmt$h1f497da92f332dc5(self, fmt) {
  let _0, _3, _7, _8, _9, _11, _13, _14, _15, _16, _20, $t0;
  _9 = fmt.args >>> 0;
  _11 = (_9 & 1) >>> 0;
  L0: {
    L1: {
      if (_11 === 1) {
        _15 = fmt.template;
        _14 = _15;
        _16 = _9 >>> 1 >>> 0;
        if (false) {
          core$slice$raw$from_raw_parts$precondition_check$h03dd1669dc7ad7f8(_15, 1, 1, _16, { filename: "core/src/slice/raw.rs", line: 127, col: 9 });
        }
        _13 = { buf: _14.buf, off: _14.off, len: _16 };
        _3 = { TAG: "Some", _0: __rt.bytes_str(_13.buf, _13.off, _13.len) };
        _20 = _3.TAG === "None" ? 0 : 1;
        _8 = _20 === 1;
        _7 = false;
        if (_7) {
          $t0 = self.buf;
          _0 = $t0.meta[3]($t0.ptr, _3._0);
          break L0;
        }
      } else {
        _3 = { TAG: "None" };
        _20 = _3.TAG === "None" ? 0 : 1;
        _8 = _20 === 1;
        _7 = false;
        if (_7) {
          break L1;
        }
      }
    }
    _0 = core$fmt$write$h10d817f8a1ec0916(self.buf, fmt);
  }
  return _0;
}
// fmt::FormattingOptions::get_fill
function core$fmt$impl_1_get_fill$hafcf532c77b7575a(self) {
  let _2;
  _2 = (self.flags & 2097151) >>> 0;
  if (false) {
    core$char$convert$from_u32_unchecked$precondition_check$h3db43e39f5c3e340(_2, { filename: "core/src/char/convert.rs", line: 29, col: 9 });
  }
  return _2;
}
// <str as fmt::Display>::fmt
function core$fmt$impl_20_fmt$h13b70ce748cf602d(self, f) {
  return core$fmt$impl_12_pad$hc044bedb095f4a6b(f, self);
}
// core::fmt::Arguments::<'a>::new
function core$fmt$impl_4_new$h196b3ee4d86f52a8(template, args) {
  return { template: __rt.unwindow(template), args: __rt.unwindow(args) };
}
// core::fmt::Arguments::<'a>::new
function core$fmt$impl_4_new$hd82673c5a28e1483(template, args) {
  return { template: __rt.unwindow(template), args: __rt.unwindow(args) };
}
// fmt::num::imp::<impl fmt::Display for u32>::fmt
function core$fmt$num$imp$impl_10_fmt$ha6a6dd1e4baeaf6e(self, f) {
  let buf;
  buf = [0, 0, 0, 0, 0, 0, 0, 0, 0, 0];
  return core$fmt$impl_12_pad_integral$h9e9154869259be1b(f, true, "", core$fmt$num$imp$impl_12__fmt$hd9ab946690646d9a(self.buf[self.off], { buf: buf, off: 0, len: 10 }));
}
// fmt::num::imp::<impl u32>::_fmt
function core$fmt$num$imp$impl_12__fmt$hd9ab946690646d9a(self, buf) {
  return core$fmt$num$slice_buffer_to_str$h43e057b8ed70e9a6(buf, core$fmt$num$imp$impl_12__fmt_inner$haacabd11ec8551f3(self, buf));
}
// fmt::num::imp::<impl u32>::_fmt_inner
function core$fmt$num$imp$impl_12__fmt_inner$haacabd11ec8551f3(self, buf) {
  let _0, remain, _8, _10, _12, scale, quad, _16, _17, _22, _23, _26, _27, _29, _30, _34, _36, _37, _41, _43, _44, _48, _52, _54, _56, pair, _60, _61, _64, _65, _67, _68, _72, _74, _75, _77, _79, last, _82, _83, _86, _87;
  _0 = buf.len;
  remain = self;
  while (remain > 999) {
    _8 = _0 >= 4;
    if (false) {
      core$hint$assert_unchecked$precondition_check$hdce51c1a1d470deb(_8, { filename: "core/src/hint.rs", line: 205, col: 9 });
    }
    _12 = buf.len;
    _10 = _0 <= _12;
    if (false) {
      core$hint$assert_unchecked$precondition_check$hdce51c1a1d470deb(_10, { filename: "core/src/hint.rs", line: 205, col: 9 });
    }
    _0 = _0 - 4 >>> 0;
    scale = 10000;
    _16 = remain;
    _17 = scale === 0;
    if (_17) {
      core$panicking$panic_const$panic_const_rem_by_zero$hed0143a69c96b3da({ filename: "core/src/fmt/num.rs", line: 598, col: 5 });
    }
    quad = _16 % scale >>> 0;
    if (_17) {
      core$panicking$panic_const$panic_const_div_by_zero$h5e2ded061ef157c3({ filename: "core/src/fmt/num.rs", line: 598, col: 5 });
    }
    remain = remain / scale >>> 0;
    _23 = _0;
    if (!(_23 < _12)) {
      core$panicking$panic_bounds_check$h0d8d1e9ff46bdeb5(_23, _12, { filename: "core/src/fmt/num.rs", line: 598, col: 5 });
    }
    _26 = { buf: core$fmt$num$DECIMAL_PAIRS$h8b0f4fea92ab79f5, off: 0 };
    _27 = Math.imul(quad / 100 >>> 0 >>> 0, 2) >>> 0;
    _22 = { buf: buf.buf, off: buf.off + _23 };
    if (!(_27 < 200)) {
      core$panicking$panic_bounds_check$h0d8d1e9ff46bdeb5(_27, 200, { filename: "core/src/fmt/num.rs", line: 598, col: 5 });
    }
    _22.buf[_22.off] = _26.buf[_26.off][_27];
    _30 = _0 + 1 >>> 0;
    if (!(_30 < _12)) {
      core$panicking$panic_bounds_check$h0d8d1e9ff46bdeb5(_30, _12, { filename: "core/src/fmt/num.rs", line: 598, col: 5 });
    }
    _34 = _27 + 1 >>> 0;
    _29 = { buf: buf.buf, off: buf.off + _30 };
    if (!(_34 < 200)) {
      core$panicking$panic_bounds_check$h0d8d1e9ff46bdeb5(_34, 200, { filename: "core/src/fmt/num.rs", line: 598, col: 5 });
    }
    _29.buf[_29.off] = _26.buf[_26.off][_34];
    _37 = _0 + 2 >>> 0;
    if (!(_37 < _12)) {
      core$panicking$panic_bounds_check$h0d8d1e9ff46bdeb5(_37, _12, { filename: "core/src/fmt/num.rs", line: 598, col: 5 });
    }
    _41 = Math.imul(quad % 100 >>> 0 >>> 0, 2) >>> 0;
    _36 = { buf: buf.buf, off: buf.off + _37 };
    if (!(_41 < 200)) {
      core$panicking$panic_bounds_check$h0d8d1e9ff46bdeb5(_41, 200, { filename: "core/src/fmt/num.rs", line: 598, col: 5 });
    }
    _36.buf[_36.off] = _26.buf[_26.off][_41];
    _44 = _0 + 3 >>> 0;
    if (!(_44 < _12)) {
      core$panicking$panic_bounds_check$h0d8d1e9ff46bdeb5(_44, _12, { filename: "core/src/fmt/num.rs", line: 598, col: 5 });
    }
    _48 = _41 + 1 >>> 0;
    _43 = { buf: buf.buf, off: buf.off + _44 };
    if (!(_48 < 200)) {
      core$panicking$panic_bounds_check$h0d8d1e9ff46bdeb5(_48, 200, { filename: "core/src/fmt/num.rs", line: 598, col: 5 });
    }
    _43.buf[_43.off] = _26.buf[_26.off][_48];
  }
  if (remain > 9) {
    _52 = _0 >= 2;
    if (false) {
      core$hint$assert_unchecked$precondition_check$hdce51c1a1d470deb(_52, { filename: "core/src/hint.rs", line: 205, col: 9 });
    }
    _56 = buf.len;
    _54 = _0 <= _56;
    if (false) {
      core$hint$assert_unchecked$precondition_check$hdce51c1a1d470deb(_54, { filename: "core/src/hint.rs", line: 205, col: 9 });
    }
    _0 = _0 - 2 >>> 0;
    pair = remain % 100 >>> 0 >>> 0;
    remain = remain / 100 >>> 0;
    _61 = _0;
    if (!(_61 < _56)) {
      core$panicking$panic_bounds_check$h0d8d1e9ff46bdeb5(_61, _56, { filename: "core/src/fmt/num.rs", line: 598, col: 5 });
    }
    _64 = { buf: core$fmt$num$DECIMAL_PAIRS$h8b0f4fea92ab79f5, off: 0 };
    _65 = Math.imul(pair, 2) >>> 0;
    _60 = { buf: buf.buf, off: buf.off + _61 };
    if (!(_65 < 200)) {
      core$panicking$panic_bounds_check$h0d8d1e9ff46bdeb5(_65, 200, { filename: "core/src/fmt/num.rs", line: 598, col: 5 });
    }
    _60.buf[_60.off] = _64.buf[_64.off][_65];
    _68 = _0 + 1 >>> 0;
    if (!(_68 < _56)) {
      core$panicking$panic_bounds_check$h0d8d1e9ff46bdeb5(_68, _56, { filename: "core/src/fmt/num.rs", line: 598, col: 5 });
    }
    _72 = _65 + 1 >>> 0;
    _67 = { buf: buf.buf, off: buf.off + _68 };
    if (!(_72 < 200)) {
      core$panicking$panic_bounds_check$h0d8d1e9ff46bdeb5(_72, 200, { filename: "core/src/fmt/num.rs", line: 598, col: 5 });
    }
    _67.buf[_67.off] = _64.buf[_64.off][_72];
  }
  _74 = remain;
  L7: {
    if (_74 === 0) {
      if (self !== 0) {
        break L7;
      }
    }
    _75 = _0 >= 1;
    if (false) {
      core$hint$assert_unchecked$precondition_check$hdce51c1a1d470deb(_75, { filename: "core/src/hint.rs", line: 205, col: 9 });
    }
    _79 = buf.len;
    _77 = _0 <= _79;
    if (false) {
      core$hint$assert_unchecked$precondition_check$hdce51c1a1d470deb(_77, { filename: "core/src/hint.rs", line: 205, col: 9 });
    }
    _0 = _0 - 1 >>> 0;
    _83 = _0;
    last = (remain & 15) >>> 0 >>> 0;
    if (!(_83 < _79)) {
      core$panicking$panic_bounds_check$h0d8d1e9ff46bdeb5(_83, _79, { filename: "core/src/fmt/num.rs", line: 598, col: 5 });
    }
    _87 = (Math.imul(last, 2) >>> 0) + 1 >>> 0;
    _82 = { buf: buf.buf, off: buf.off + _83 };
    _86 = { buf: core$fmt$num$DECIMAL_PAIRS$h8b0f4fea92ab79f5, off: 0 };
    if (!(_87 < 200)) {
      core$panicking$panic_bounds_check$h0d8d1e9ff46bdeb5(_87, 200, { filename: "core/src/fmt/num.rs", line: 598, col: 5 });
    }
    _82.buf[_82.off] = _86.buf[_86.off][_87];
  }
  return _0;
}
// fmt::num::slice_buffer_to_str
function core$fmt$num$slice_buffer_to_str$h43e057b8ed70e9a6(buf, offset) {
  let _3, _5, _6, _9, _10;
  _6 = buf.len;
  _5 = buf;
  if (false) {
    core$slice$index$impl_4_get_unchecked$precondition_check$hb07e18c5bfd4f27c(offset, _6, _6, { filename: "core/src/slice/index.rs", line: 363, col: 9 });
  }
  _9 = _5;
  _10 = { buf: _9.buf, off: _9.off + offset, sc: _9.sc };
  _3 = { buf: _10.buf, off: _10.off, len: _6 - offset >>> 0 };
  return __rt.bytes_str(_3.buf, _3.off, _3.len);
}
// core::fmt::rt::Argument::<'_>::new_display
function core$fmt$rt$impl_0_new_display$h50a8105be61c1269(x) {
  let _3;
  _3 = __rt.erase(x, 4);
  return { ty: { TAG: "Placeholder", value: _3, formatter: core$fmt$num$imp$impl_10_fmt$ha6a6dd1e4baeaf6e, _lifetime: undefined } };
}
// core::fmt::rt::Argument::<'_>::new_display
function core$fmt$rt$impl_0_new_display$h7192e338ead43862(x) {
  let _6;
  _6 = __rt.box(x);
  return { ty: { TAG: "Placeholder", value: _6.buf[_6.off], formatter: x19_text_conversion$impl_0_fmt$h48234c5f6771bcc4, _lifetime: undefined } };
}
// core::fmt::rt::Argument::<'_>::new_display
function core$fmt$rt$impl_0_new_display$hb04eb07c251812a8(x) {
  let _6;
  _6 = __rt.box(x);
  return { ty: { TAG: "Placeholder", value: _6.buf[_6.off], formatter: alloc$string$impl_28_fmt$h017d8dc965171a6d, _lifetime: undefined } };
}
// fmt::write
function core$fmt$write$h10d817f8a1ec0916(output, fmt) {
  let _0, n, _7, _9, _11, len, _17, _19, _26, _27, _28, _30, opt, _33, _35, _37, _39, _41, _43, arg_index, _48, template, _65, _66, _68, args, _72, _73, _74, _75, _81, _84, _87, _90, _93, _96, _98, _99, _101, _106, _110, _113, _116, _119, _121, _122, _127, _128, _133, _134, _136, _141, $t0, $t1, $t2;
  args = fmt.args;
  _68 = args >>> 0;
  if ((_68 & 1) >>> 0 === 1) {
    _74 = fmt.template;
    _73 = _74;
    _75 = _68 >>> 1 >>> 0;
    if (false) {
      core$slice$raw$from_raw_parts$precondition_check$h03dd1669dc7ad7f8(_74, 1, 1, _75, { filename: "core/src/slice/raw.rs", line: 127, col: 9 });
    }
    _72 = { buf: _73.buf, off: _73.off, len: _75 };
    $t2 = output;
    _0 = $t2.meta[3]($t2.ptr, __rt.bytes_str(_72.buf, _72.off, _72.len));
  } else {
    template = fmt.template;
    arg_index = 0;
    for (;;) {
      n = template.buf[template.off];
      _81 = template;
      template = { buf: _81.buf, off: _81.off + 1, sc: _81.sc };
      L3: {
        if (n === 0) {
          _0 = { TAG: "Ok", _0: undefined };
        } else {
          _7 = n < 128;
          L4: {
            L5: {
              L6: {
                if (_7) {
                  _9 = template;
                  _11 = n >>> 0;
                  _84 = template;
                  template = { buf: _84.buf, off: _84.off + _11, sc: _84.sc };
                  $t0 = output;
                  switch ($t0.meta[3]($t0.ptr, __rt.bytes_str(_9.buf, _9.off, _11)).TAG) {
                    case "Ok":
                      break;
                    case "Err":
                      _87 = 1 === 1;
                      _0 = { TAG: "Err", _0: {} };
                      break L5;
                    default:
                      break L4;
                  }
                } else {
                  L8: {
                    L9: {
                      if (n === 128) {
                        _17 = template;
                        len = (($b) => ($b[0] | $b[1] << 8) & 65535)(__rt.read_array({ buf: _17.buf, off: _17.off, w: 2 }, 2).slice().slice()) >>> 0;
                        _90 = template;
                        template = { buf: _90.buf, off: _90.off + 2, sc: _90.sc };
                        _19 = template;
                        _93 = template;
                        template = { buf: _93.buf, off: _93.off + len, sc: _93.sc };
                        $t1 = output;
                        switch ($t1.meta[3]($t1.ptr, __rt.bytes_str(_19.buf, _19.off, len)).TAG) {
                          case "Ok":
                            break;
                          case "Err":
                            _96 = 1 === 1;
                            _0 = { TAG: "Err", _0: {} };
                            break L8;
                          default:
                            break L4;
                        }
                      } else {
                        L11: {
                          if (n === 192) {
                            _98 = args;
                            _99 = { buf: _98.buf, off: _98.off + arg_index };
                            _28 = { flags: 1610612768, width: 0, precision: 0 };
                            _27 = { options: { flags: _28.flags, width: _28.width, precision: _28.precision }, buf: output };
                            _26 = _27;
                            switch (_99.buf[_99.off].ty.TAG) {
                              case "Placeholder":
                                _101 = _99.buf[_99.off].ty.formatter;
                                switch (_101(_99.buf[_99.off].ty.value, _26).TAG) {
                                  case "Ok":
                                    arg_index = arg_index + 1 >>> 0;
                                    break;
                                  case "Err":
                                    _106 = 1 === 1;
                                    _0 = { TAG: "Err", _0: {} };
                                    break L11;
                                  default:
                                    break L4;
                                }
                                break;
                              case "Count":
                                core$hint$unreachable_unchecked$precondition_check$hbef3185a376d7214({ filename: "core/src/hint.rs", line: 104, col: 5 });
                                break L4;
                              default:
                                break L4;
                            }
                          } else {
                            _30 = n > 192;
                            if (false) {
                              core$hint$assert_unchecked$precondition_check$hdce51c1a1d470deb(_30, { filename: "core/src/hint.rs", line: 205, col: 9 });
                            }
                            opt = { flags: 1610612768, width: 0, precision: 0 };
                            if ((n & 1 & 255) !== 0) {
                              _35 = template;
                              _33 = (($b) => ($b[0] | $b[1] << 8 | $b[2] << 16 | $b[3] << 24) >>> 0)(__rt.read_array({ buf: _35.buf, off: _35.off, w: 4 }, 4).slice().slice());
                              opt.flags = _33;
                              _110 = template;
                              template = { buf: _110.buf, off: _110.off + 4, sc: _110.sc };
                            }
                            if ((n & 2 & 255) !== 0) {
                              _39 = template;
                              _37 = (($b) => ($b[0] | $b[1] << 8) & 65535)(__rt.read_array({ buf: _39.buf, off: _39.off, w: 2 }, 2).slice().slice());
                              opt.width = _37;
                              _113 = template;
                              template = { buf: _113.buf, off: _113.off + 2, sc: _113.sc };
                            }
                            if ((n & 4 & 255) !== 0) {
                              _43 = template;
                              _41 = (($b) => ($b[0] | $b[1] << 8) & 65535)(__rt.read_array({ buf: _43.buf, off: _43.off, w: 2 }, 2).slice().slice());
                              opt.precision = _41;
                              _116 = template;
                              template = { buf: _116.buf, off: _116.off + 2, sc: _116.sc };
                            }
                            if ((n & 8 & 255) !== 0) {
                              _48 = template;
                              arg_index = (($b) => ($b[0] | $b[1] << 8) & 65535)(__rt.read_array({ buf: _48.buf, off: _48.off, w: 2 }, 2).slice().slice()) >>> 0;
                              _119 = template;
                              template = { buf: _119.buf, off: _119.off + 2, sc: _119.sc };
                            }
                            if ((n & 16 & 255) !== 0) {
                              _121 = args;
                              _122 = { buf: _121.buf, off: _121.off + (opt.width >>> 0) };
                              switch (_122.buf[_122.off].ty.TAG) {
                                case "Placeholder":
                                  core$hint$unreachable_unchecked$precondition_check$hbef3185a376d7214({ filename: "core/src/hint.rs", line: 104, col: 5 });
                                  break L4;
                                case "Count":
                                  opt.width = _122.buf[_122.off].ty._0;
                                  break;
                                default:
                                  break L4;
                              }
                            }
                            if ((n & 32 & 255) !== 0) {
                              _127 = args;
                              _128 = { buf: _127.buf, off: _127.off + (opt.precision >>> 0) };
                              switch (_128.buf[_128.off].ty.TAG) {
                                case "Placeholder":
                                  core$hint$unreachable_unchecked$precondition_check$hbef3185a376d7214({ filename: "core/src/hint.rs", line: 104, col: 5 });
                                  break L4;
                                case "Count":
                                  opt.precision = _128.buf[_128.off].ty._0;
                                  break;
                                default:
                                  break L4;
                              }
                            }
                            _133 = args;
                            _134 = { buf: _133.buf, off: _133.off + arg_index };
                            _66 = { options: { flags: opt.flags, width: opt.width, precision: opt.precision }, buf: output };
                            _65 = _66;
                            switch (_134.buf[_134.off].ty.TAG) {
                              case "Placeholder":
                                _136 = _134.buf[_134.off].ty.formatter;
                                switch (_136(_134.buf[_134.off].ty.value, _65).TAG) {
                                  case "Ok":
                                    arg_index = arg_index + 1 >>> 0;
                                    break;
                                  case "Err":
                                    _141 = 1 === 1;
                                    _0 = { TAG: "Err", _0: {} };
                                    break L11;
                                  default:
                                    break L4;
                                }
                                break;
                              case "Count":
                                core$hint$unreachable_unchecked$precondition_check$hbef3185a376d7214({ filename: "core/src/hint.rs", line: 104, col: 5 });
                                break L4;
                              default:
                                break L4;
                            }
                          }
                          break L9;
                        }
                        break L8;
                      }
                    }
                    break L6;
                  }
                  break L5;
                }
              }
              continue;
            }
            break L3;
          }
          throw new Error("rustc_codegen_js: entered unreachable code");
        }
      }
      break;
    }
  }
  return _0;
}
// core::hint::unreachable_unchecked::precondition_check
function core$hint$unreachable_unchecked$precondition_check$hbef3185a376d7214($loc) {
  core$panicking$panic_nounwind_fmt$h529d345c107d7266({ template: { buf: __rt.str_bytes("unsafe precondition(s) violated: hint::unreachable_unchecked must never be reached\n\nThis indicates a bug in the program. This Undefined Behavior check is optional, and cannot be relied on for safety.").buf, off: 0 }, args: (__rt.str_bytes("unsafe precondition(s) violated: hint::unreachable_unchecked must never be reached\n\nThis indicates a bug in the program. This Undefined Behavior check is optional, and cannot be relied on for safety.").len << 1 >>> 0 | 1) >>> 0 }, false, $loc);
  throw new Error("rustc_codegen_js: diverging call returned");
  throw new Error("rustc_codegen_js: entered unreachable code");
}
// <I as iter::adapters::filter::SpecAssumeCount>::assume_count_le_upper_bound
function core$iter$adapters$filter$impl_10_assume_count_le_upper_bound$h1a99a00c2f20fd94(count, upper) {
  let _3;
  _3 = count <= upper;
  if (false) {
    core$hint$assert_unchecked$precondition_check$hdce51c1a1d470deb(_3, { filename: "core/src/hint.rs", line: 205, col: 9 });
  }
}
// <iter::adapters::filter::Filter<I, P> as iter::traits::iterator::Iterator>::count
function core$iter$adapters$filter$impl_3_count$h661e5e076c8ca182(self) {
  let _0, before, _3, _6;
  _3 = Object.assign({}, core$slice$iter$impl_171_size_hint$h6fca13f08d7580d3(self.iter)[1]);
  switch (_3.TAG) {
    case "None":
      before = 4294967295;
      break;
    case "Some":
      before = _3._0;
      break;
    default:
      throw new Error("rustc_codegen_js: entered unreachable code");
  }
  _6 = core$iter$traits$iterator$Iterator$map$hb0a7cb76480d58df(self.iter, [self.predicate]);
  _0 = core$slice$iter$impl_171_fold$hee66652ee0ab3dac(_6.iter, 0, [undefined, _6.f]);
  core$iter$adapters$filter$impl_10_assume_count_le_upper_bound$h1a99a00c2f20fd94(_0, before);
  return _0;
}
// <iter::adapters::filter::Filter<I, P> as iter::traits::iterator::Iterator>::count::to_usize::{closure#0}
function core$iter$adapters$filter$impl_3_count$to_usize$closure_0$h1fb3c167de4c9d1d(_1, x) {
  x = [x];
  return core$str$count$char_count_general_case$closure_0$hb4fc82e950ca8491(_1[0], [{ buf: x, off: 0 }][0]) ? 1 : 0;
}
// iter::adapters::map::map_fold::{closure#0}
function core$iter$adapters$map$map_fold$closure_0$h5b3d87b3db2d7796(_1, acc, elt) {
  let _4, _5;
  _4 = _1[0];
  _5 = [acc, core$iter$adapters$filter$impl_3_count$to_usize$closure_0$h1fb3c167de4c9d1d(_1[1], [elt][0])];
  return core$iter$traits$accum$impl_48_sum$closure_0$h236fb6936414bd77(_4, _5[0], _5[1]);
}
// <usize as iter::traits::accum::Sum>::sum::{closure#0}
function core$iter$traits$accum$impl_48_sum$closure_0$h236fb6936414bd77(_1, a, b) {
  let _4;
  _4 = (($w) => [$w >>> 0, $w >>> 0 !== $w])(a + b);
  return _4[0];
}
// <I as iter::traits::iterator::Iterator::advance_by::SpecAdvanceBy>::spec_advance_by::{closure#0}
function core$iter$traits$iterator$Iterator$advance_by$impl_1_spec_advance_by$closure_0$h1f78bb300c61fc01(_1, n, _3) {
  return (($n) => $n === 0 ? { TAG: "None" } : { TAG: "Some", _0: $n >>> 0 })((n >>> 0) - 1 >>> 0);
}
// iter::traits::iterator::Iterator::map
function core$iter$traits$iterator$Iterator$map$hb0a7cb76480d58df(self, f) {
  return { iter: { ptr: self.ptr, end_or_len: self.end_or_len, _marker: self._marker }, f: f };
}
// iter::traits::iterator::Iterator::try_fold
function core$iter$traits$iterator$Iterator$try_fold$hbbd2d9dc20063624(self, init, f) {
  let _0, _4, _5, x, _7, _10;
  for (;;) {
    _4 = core$str$iter$impl_5_next$h64d99332f6fe4446(self);
    _5 = _4.TAG;
    L1: {
      switch (_5) {
        case "None":
          _0 = core$option$impl_47_from_output$h1240d0856a3536a8(init);
          break;
        case "Some":
          x = _4._0;
          _10 = [init, [x[0], x[1]]];
          _7 = core$option$impl_47_branch$h41ee0af9f36688b9(core$iter$traits$iterator$Iterator$advance_by$impl_1_spec_advance_by$closure_0$h1f78bb300c61fc01(f, _10[0], [_10[1][0], _10[1][1]]));
          switch (_7.TAG) {
            case "Continue":
              init = _7._0;
              continue;
            case "Break":
              _0 = core$option$impl_48_from_residual$h8a6a93485792ca1c(_7._0);
              break;
            default:
              break L1;
          }
          break;
        default:
          break L1;
      }
      return _0;
    }
    throw new Error("rustc_codegen_js: entered unreachable code");
  }
}
// <option::Option<T> as ops::try_trait::Try>::branch
function core$option$impl_47_branch$h41ee0af9f36688b9(self) {
  let _0;
  switch (self.TAG) {
    case "None":
      _0 = { TAG: "Break", _0: undefined };
      break;
    case "Some":
      _0 = { TAG: "Continue", _0: self._0 };
      break;
    default:
      throw new Error("rustc_codegen_js: entered unreachable code");
  }
  return _0;
}
// <option::Option<T> as ops::try_trait::Try>::from_output
function core$option$impl_47_from_output$h1240d0856a3536a8(output) {
  return { TAG: "Some", _0: output };
}
// <option::Option<T> as ops::try_trait::FromResidual<option::Option<convert::Infallible>>>::from_residual
function core$option$impl_48_from_residual$h8a6a93485792ca1c(_1) {
  let _3;
  _3 = 0 === 0;
  return { TAG: "None" };
}
// panicking::panic
function core$panicking$panic$hb9df806172e3d68a(expr, $loc) {
  core$panicking$panic_fmt$hdaf85415329cda6a({ template: { buf: __rt.str_bytes(expr).buf, off: 0 }, args: (__rt.str_bytes(expr).len << 1 >>> 0 | 1) >>> 0 }, $loc);
  throw new Error("rustc_codegen_js: diverging call returned");
  throw new Error("rustc_codegen_js: entered unreachable code");
}
// panicking::panic_bounds_check
function core$panicking$panic_bounds_check$h0d8d1e9ff46bdeb5(index, len, $loc) {
  core$panicking$panic_fmt$hdaf85415329cda6a({ template: { buf: __rt.str_bytes("index out of bounds").buf, off: 0 }, args: (__rt.str_bytes("index out of bounds").len << 1 >>> 0 | 1) >>> 0 }, $loc);
  throw new Error("rustc_codegen_js: diverging call returned");
  throw new Error("rustc_codegen_js: entered unreachable code");
}
// panicking::panic_const::panic_const_div_by_zero
function core$panicking$panic_const$panic_const_div_by_zero$h5e2ded061ef157c3($loc) {
  core$panicking$panic_fmt$hdaf85415329cda6a({ template: { buf: __rt.str_bytes("attempt to divide by zero").buf, off: 0 }, args: (__rt.str_bytes("attempt to divide by zero").len << 1 >>> 0 | 1) >>> 0 }, $loc);
  throw new Error("rustc_codegen_js: diverging call returned");
  throw new Error("rustc_codegen_js: entered unreachable code");
}
// panicking::panic_const::panic_const_rem_by_zero
function core$panicking$panic_const$panic_const_rem_by_zero$hed0143a69c96b3da($loc) {
  core$panicking$panic_fmt$hdaf85415329cda6a({ template: { buf: __rt.str_bytes("attempt to calculate the remainder with a divisor of zero").buf, off: 0 }, args: (__rt.str_bytes("attempt to calculate the remainder with a divisor of zero").len << 1 >>> 0 | 1) >>> 0 }, $loc);
  throw new Error("rustc_codegen_js: diverging call returned");
  throw new Error("rustc_codegen_js: entered unreachable code");
}
// panicking::panic_fmt
function core$panicking$panic_fmt$hdaf85415329cda6a(fmt, $loc) {
  let pi;
  pi = { message: fmt, location: $loc, can_unwind: true, force_no_backtrace: false };
  _RNvCs1lVxXr9ZvqQ_7___rustc17rust_begin_unwind(pi);
  throw new Error("rustc_codegen_js: diverging call returned");
  throw new Error("rustc_codegen_js: entered unreachable code");
}
// panicking::panic_nounwind_fmt
function core$panicking$panic_nounwind_fmt$h529d345c107d7266(fmt, force_no_backtrace, $loc) {
  let _3, _4;
  _3 = { template: fmt.template, args: fmt.args };
  _4 = { message: _3, location: $loc, can_unwind: false, force_no_backtrace: force_no_backtrace };
  _RNvCs1lVxXr9ZvqQ_7___rustc17rust_begin_unwind(_4);
  throw new Error("rustc_codegen_js: diverging call returned");
  throw new Error("rustc_codegen_js: entered unreachable code");
}
// core::ptr::align_offset
function core$ptr$align_offset$hb704b145c925d35f(p, a) {
  let _0, addr, a_minus_one, _5, byte_offset, _12, gcdpow, y, a2, minusp2, $t0, $t1;
  addr = __rt.addr(p, 1) >>> 0;
  a_minus_one = a - 1 >>> 0;
  _5 = 1 === 0;
  L0: {
    if (_5) {
      if ((addr & a_minus_one) >>> 0 === 0) {
        _0 = 0;
      } else {
        _0 = 4294967295;
      }
    } else if (a % 1 >>> 0 === 0) {
      byte_offset = ((addr + a_minus_one >>> 0 & 0 - a >>> 0) >>> 0) - addr >>> 0;
      _12 = byte_offset < a;
      if (addr % 1 >>> 0 === 0) {
        _0 = byte_offset / 1 >>> 0;
      } else {
        _0 = 4294967295;
      }
    } else {
      $t0 = 1;
      gcdpow = $t0 === 0 ? 32 : 31 - Math.clz32($t0 & -$t0);
      $t1 = a;
      y = $t1 === 0 ? 32 : 31 - Math.clz32($t1 & -$t1);
      if (!(gcdpow < y)) {
        gcdpow = y;
      }
      if ((addr & (1 << gcdpow >>> 0) - 1 >>> 0) >>> 0 === 0) {
        a2 = a >>> gcdpow >>> 0;
        minusp2 = a2 - ((addr & a_minus_one) >>> 0 >>> gcdpow >>> 0) >>> 0;
        _0 = (Math.imul(minusp2, core$ptr$align_offset$mod_inv$h97cc84e97e204044((1 & a_minus_one) >>> 0 >>> gcdpow >>> 0, a2)) >>> 0 & a2 - 1 >>> 0) >>> 0;
      } else {
        _0 = 4294967295;
        break L0;
      }
    }
  }
  return _0;
}
// core::ptr::align_offset::mod_inv
function core$ptr$align_offset$mod_inv$h97cc84e97e204044(x, m) {
  let m_minus_one, _6, inverse, mod_gate, _17;
  _6 = (x & 15) >>> 0 >>> 1 >>> 0;
  if (!(_6 < 8)) {
    core$panicking$panic_bounds_check$h0d8d1e9ff46bdeb5(_6, 8, { filename: "core/src/ptr/mod.rs", line: 2297, col: 27 });
  }
  inverse = [1, 11, 13, 7, 9, 3, 5, 15][_6] >>> 0;
  mod_gate = 16;
  m_minus_one = m - 1 >>> 0;
  for (;;) {
    if (!(mod_gate >= m)) {
      inverse = Math.imul(inverse, 2 - (Math.imul(x, inverse) >>> 0) >>> 0) >>> 0;
      _17 = (($w) => [$w >>> 0, $w >>> 0 !== $w])(mod_gate * mod_gate);
      mod_gate = _17[0];
      if (!_17[1]) {
        continue;
      }
    }
    return (inverse & m_minus_one) >>> 0;
  }
}
// core::ptr::drop_glue
function core$ptr$drop_glue$h0af1cfc3e67119df(_1) {
  core$ptr$drop_glue$h819dac8b7ff8d643(_1.vec);
}
// core::ptr::drop_glue
function core$ptr$drop_glue$h124690e9657d239c(_1) {
  alloc$raw_vec$impl_3_drop$h4dac16ed1085250c(_1);
}
// core::ptr::drop_glue
function core$ptr$drop_glue$h819dac8b7ff8d643(_1) {
  alloc$vec$impl_27_drop$h74bb56ea0e01c708(_1);
  core$ptr$drop_glue$h124690e9657d239c(_1.buf);
}
// slice::<impl [T]>::align_to
function core$slice$impl_0_align_to$hfd324c7af1224cad(self) {
  let _0, offset, left, rest, _12, us_len, ts_len, _15, _16, _17, _19, _20, _24;
  L0: {
    if (!false) {
      if (!false) {
        offset = core$ptr$align_offset$hb704b145c925d35f(self, 4);
        if (offset > self.len) {
          _0 = [self, { buf: [], off: 0, len: 0 }, { buf: [], off: 0, len: 0 }];
        } else {
          _12 = core$slice$impl_0_split_at$h9e3270563ea29fef(self, offset, { filename: "core/src/slice/mod.rs", line: 4524, col: 37 });
          rest = _12[1];
          left = _12[0];
          _15 = core$slice$impl_0_align_to_offsets$heee3154d9c43e698(rest);
          us_len = _15[0];
          ts_len = _15[1];
          _24 = rest;
          _17 = __rt.unscale(_24, 4, () => 0);
          if (false) {
            core$slice$raw$from_raw_parts$precondition_check$h03dd1669dc7ad7f8(_24, 4, 4, us_len, { filename: "core/src/slice/raw.rs", line: 127, col: 9 });
          }
          _20 = rest;
          _19 = { buf: _20.buf, off: _20.off + (rest.len - ts_len >>> 0), sc: _20.sc };
          _16 = { buf: _17.buf, off: _17.off, len: us_len };
          if (false) {
            core$slice$raw$from_raw_parts$precondition_check$h03dd1669dc7ad7f8(_19, 1, 1, ts_len, { filename: "core/src/slice/raw.rs", line: 127, col: 9 });
          }
          _0 = [left, _16, { buf: _19.buf, off: _19.off, len: ts_len }];
        }
        break L0;
      }
    }
    _0 = [self, { buf: [], off: 0, len: 0 }, { buf: [], off: 0, len: 0 }];
  }
  return _0;
}
// slice::<impl [T]>::align_to_offsets
function core$slice$impl_0_align_to_offsets$heee3154d9c43e698(self) {
  let ts, _3, _7, _8;
  _3 = 1 === 0;
  if (_3) {
    core$panicking$panic_const$panic_const_div_by_zero$h5e2ded061ef157c3({ filename: "core/src/slice/mod.rs", line: 4469, col: 25 });
  }
  ts = 4 / 1 >>> 0;
  if (_3) {
    core$panicking$panic_const$panic_const_div_by_zero$h5e2ded061ef157c3({ filename: "core/src/slice/mod.rs", line: 4470, col: 25 });
  }
  _7 = self.len;
  _8 = ts === 0;
  if (_8) {
    core$panicking$panic_const$panic_const_div_by_zero$h5e2ded061ef157c3({ filename: "core/src/slice/mod.rs", line: 4473, col: 22 });
  }
  if (_8) {
    core$panicking$panic_const$panic_const_rem_by_zero$hed0143a69c96b3da({ filename: "core/src/slice/mod.rs", line: 4475, col: 22 });
  }
  return [Math.imul(_7 / ts >>> 0, 1 / 1 >>> 0) >>> 0, _7 % ts >>> 0];
}
// slice::<impl [T]>::as_chunks
function core$slice$impl_0_as_chunks$h050e2dd584c2810b(self, $loc) {
  let len_rounded_down, _7, _19, multiple_of_n, remainder, _23, _24, _25, _33, _34, _35;
  if (4 !== 0) {
    _7 = self.len;
    if (4 === 0) {
      core$panicking$panic_const$panic_const_div_by_zero$h5e2ded061ef157c3($loc);
    }
    len_rounded_down = Math.imul(_7 / 4 >>> 0, 4) >>> 0;
    _25 = self;
    _19 = _25;
    if (false) {
      core$slice$impl_0_split_at_unchecked$precondition_check$h663603bd5c212177(len_rounded_down, _7, $loc);
    }
    if (false) {
      core$slice$raw$from_raw_parts$precondition_check$h03dd1669dc7ad7f8(_25, 4, 4, len_rounded_down, $loc);
    }
    _23 = { buf: _19.buf, off: _19.off + len_rounded_down };
    _24 = _7 - len_rounded_down >>> 0;
    multiple_of_n = { buf: _19.buf, off: _19.off, len: len_rounded_down };
    if (false) {
      core$slice$raw$from_raw_parts$precondition_check$h03dd1669dc7ad7f8(__rt.erase(_23, 4), 4, 4, _24, $loc);
    }
    remainder = { buf: _23.buf, off: _23.off, len: _24 };
    if (false) {
      core$slice$impl_0_as_chunks_unchecked$precondition_check$hee95eca2b2016514(4, len_rounded_down, $loc);
    }
    _33 = len_rounded_down / 4 >>> 0;
    _35 = multiple_of_n;
    _34 = { buf: _35.buf, off: _35.off, w: 4 };
    if (false) {
      core$slice$raw$from_raw_parts$precondition_check$h03dd1669dc7ad7f8(_35, 16, 4, _33, $loc);
    }
    return [__rt.chunk_slice(_34, _33, 4), remainder];
  } else {
    core$panicking$panic_fmt$hdaf85415329cda6a({ template: { buf: __rt.str_bytes("chunk size must be non-zero").buf, off: 0 }, args: (__rt.str_bytes("chunk size must be non-zero").len << 1 >>> 0 | 1) >>> 0 }, $loc);
    throw new Error("rustc_codegen_js: diverging call returned");
    throw new Error("rustc_codegen_js: entered unreachable code");
  }
}
// slice::<impl [T]>::split_at
function core$slice$impl_0_split_at$h47e08d71a135c9b1(self, mid, $loc) {
  let _3, _7, _9, _11, _13, _14, _15;
  _7 = self.len;
  if (mid <= _7) {
    _15 = self;
    _9 = _15;
    if (false) {
      core$slice$impl_0_split_at_unchecked$precondition_check$h663603bd5c212177(mid, _7, $loc);
    }
    if (false) {
      core$slice$raw$from_raw_parts$precondition_check$h03dd1669dc7ad7f8(_15, 4, 4, mid, $loc);
    }
    _13 = { buf: _9.buf, off: _9.off + mid };
    _14 = _7 - mid >>> 0;
    _11 = { buf: _9.buf, off: _9.off, len: mid };
    if (false) {
      core$slice$raw$from_raw_parts$precondition_check$h03dd1669dc7ad7f8(__rt.erase(_13, 4), 4, 4, _14, $loc);
    }
    _3 = { TAG: "Some", _0: [_11, { buf: _13.buf, off: _13.off, len: _14 }] };
    return [_3._0[0], _3._0[1]];
  } else {
    core$panicking$panic_fmt$hdaf85415329cda6a({ template: { buf: __rt.str_bytes("mid > len").buf, off: 0 }, args: (__rt.str_bytes("mid > len").len << 1 >>> 0 | 1) >>> 0 }, $loc);
    throw new Error("rustc_codegen_js: diverging call returned");
    throw new Error("rustc_codegen_js: entered unreachable code");
  }
}
// core::slice::<impl [T]>::split_at
function core$slice$impl_0_split_at$h9e3270563ea29fef(self, mid, $loc) {
  let _3, _7, _9, _11, _13, _14, _15;
  _7 = self.len;
  if (mid <= _7) {
    _15 = self;
    _9 = _15;
    if (false) {
      core$slice$impl_0_split_at_unchecked$precondition_check$h663603bd5c212177(mid, _7, $loc);
    }
    if (false) {
      core$slice$raw$from_raw_parts$precondition_check$h03dd1669dc7ad7f8(_15, 1, 1, mid, $loc);
    }
    _13 = { buf: _9.buf, off: _9.off + mid, sc: _9.sc };
    _14 = _7 - mid >>> 0;
    _11 = { buf: _9.buf, off: _9.off, len: mid };
    if (false) {
      core$slice$raw$from_raw_parts$precondition_check$h03dd1669dc7ad7f8(_13, 1, 1, _14, $loc);
    }
    _3 = { TAG: "Some", _0: [_11, { buf: _13.buf, off: _13.off, len: _14 }] };
    return [_3._0[0], _3._0[1]];
  } else {
    core$panicking$panic_fmt$hdaf85415329cda6a({ template: { buf: __rt.str_bytes("mid > len").buf, off: 0 }, args: (__rt.str_bytes("mid > len").len << 1 >>> 0 | 1) >>> 0 }, $loc);
    throw new Error("rustc_codegen_js: diverging call returned");
    throw new Error("rustc_codegen_js: entered unreachable code");
  }
}
// <slice::iter::Iter<'a, T> as iter::traits::iterator::Iterator>::fold
function core$slice$iter$impl_171_fold$hee66652ee0ab3dac(self, init, f) {
  let _0, _4, i, len$1, end$1, _14, _16, _29, _30, _38;
  if (false) {
    _4 = __rt.addr(self.end_or_len, 1) >>> 0 === 0;
  } else {
    _4 = __rt.ptr_eq(self.ptr, self.end_or_len);
  }
  if (_4) {
    _0 = init;
  } else {
    i = 0;
    L2: {
      if (false) {
        len$1 = __rt.addr(self.end_or_len, 1) >>> 0;
      } else {
        end$1 = self.end_or_len;
        _14 = self.ptr;
        _29 = _14;
        _30 = end$1;
        if (false) {
          core$ptr$const_ptr$impl_0_offset_from_unsigned$precondition_check$hfdbbbf73001fc0ac(end$1, _14, { filename: "core/src/ptr/const_ptr.rs", line: 721, col: 9 });
        }
        if (0 < 1) {
          if (1 <= 2147483647) {
            len$1 = _30.off - _29.off;
            break L2;
          }
        }
        core$panicking$panic$hb9df806172e3d68a("assertion failed: 0 < pointee_size && pointee_size <= isize::MAX as usize", { filename: "core/src/ptr/const_ptr.rs", line: 731, col: 9 });
        throw new Error("rustc_codegen_js: diverging call returned");
        throw new Error("rustc_codegen_js: entered unreachable code");
      }
    }
    for (;;) {
      _38 = self.ptr;
      _16 = [init, { buf: _38.buf, off: _38.off + i, sc: _38.sc }];
      init = core$iter$adapters$map$map_fold$closure_0$h5b3d87b3db2d7796(f, _16[0], _16[1]);
      if (false) {
        core$num$impl_11_unchecked_add$precondition_check$h2c5b7a8f76b5f2dc(i, 1, { filename: "core/src/num/mod.rs", line: 1417, col: 5 });
      }
      i = i + 1 >>> 0;
      if (i === len$1) {
        _0 = init;
        break;
      }
    }
  }
  return _0;
}
// <core::slice::Iter<'a, T> as core::iter::Iterator>::next
function core$slice$iter$impl_171_next$h78fc49b0c6ffb0b3(self) {
  let _0, ptr, end_or_len, len, _11;
  ptr = self.ptr;
  end_or_len = self.end_or_len;
  L0: {
    L1: {
      if (false) {
        len = __rt.addr(end_or_len, 1) >>> 0;
        if (len === 0) {
          _0 = { TAG: "None" };
          break L1;
        } else {
          if (false) {
            core$num$impl_11_unchecked_sub$precondition_check$h4c33ce104fc15265(len, 1, { filename: "core/src/num/mod.rs", line: 1417, col: 5 });
          }
          self.end_or_len = len - 1 >>> 0;
        }
      } else {
        _11 = ptr;
        if (__rt.ptr_eq(_11, end_or_len)) {
          _0 = { TAG: "None" };
          break L1;
        } else {
          self.ptr = { buf: _11.buf, off: _11.off + 1, sc: _11.sc };
        }
      }
      _0 = { TAG: "Some", _0: ptr };
      break L0;
    }
  }
  return _0;
}
// <core::slice::Iter<'a, T> as core::iter::Iterator>::next
function core$slice$iter$impl_171_next$hc726822981337141(self) {
  let _0, ptr, end_or_len, len, _11;
  ptr = self.ptr;
  end_or_len = self.end_or_len;
  L0: {
    L1: {
      if (false) {
        len = __rt.addr(end_or_len, 8) >>> 0;
        if (len === 0) {
          _0 = { TAG: "None" };
          break L1;
        } else {
          if (false) {
            core$num$impl_11_unchecked_sub$precondition_check$h4c33ce104fc15265(len, 1, { filename: "core/src/num/mod.rs", line: 1417, col: 5 });
          }
          self.end_or_len = len - 1 >>> 0;
        }
      } else {
        _11 = ptr;
        if (__rt.ptr_eq(_11, end_or_len)) {
          _0 = { TAG: "None" };
          break L1;
        } else {
          self.ptr = { buf: _11.buf, off: _11.off + 1 };
        }
      }
      _0 = { TAG: "Some", _0: ptr };
      break L0;
    }
  }
  return _0;
}
// <slice::iter::Iter<'a, T> as iter::traits::iterator::Iterator>::size_hint
function core$slice$iter$impl_171_size_hint$h6fca13f08d7580d3(self) {
  let exact, end, _6, _9, _10;
  L0: {
    if (false) {
      exact = __rt.addr(self.end_or_len, 1) >>> 0;
    } else {
      end = self.end_or_len;
      _6 = self.ptr;
      _9 = _6;
      _10 = end;
      if (false) {
        core$ptr$const_ptr$impl_0_offset_from_unsigned$precondition_check$hfdbbbf73001fc0ac(end, _6, { filename: "core/src/ptr/const_ptr.rs", line: 721, col: 9 });
      }
      if (0 < 1) {
        if (1 <= 2147483647) {
          exact = _10.off - _9.off;
          break L0;
        }
      }
      core$panicking$panic$hb9df806172e3d68a("assertion failed: 0 < pointee_size && pointee_size <= isize::MAX as usize", { filename: "core/src/ptr/const_ptr.rs", line: 731, col: 9 });
      throw new Error("rustc_codegen_js: diverging call returned");
      throw new Error("rustc_codegen_js: entered unreachable code");
    }
  }
  return [exact, { TAG: "Some", _0: exact }];
}
// core::slice::iter::<impl core::iter::IntoIterator for &'a [T]>::into_iter
function core$slice$iter$impl_1_into_iter$h0e31e67d248b37d9(self) {
  let _2, _3, _5, _7;
  _2 = self.len;
  _3 = self;
  if (false) {
    _5 = _2;
  } else {
    _7 = _3;
    _5 = { buf: _7.buf, off: _7.off + _2 };
  }
  return { ptr: _3, end_or_len: _5, _marker: undefined };
}
// str::count::char_count_general_case::{closure#0}
function core$str$count$char_count_general_case$closure_0$hb4fc82e950ca8491(_1, _2) {
  let _5;
  _5 = _2.buf[_2.off];
  return !(_5.buf[_5.off] << 24 >> 24 < -64);
}
// str::count::char_count_general_case
function core$str$count$char_count_general_case$ha0ff3fad3811cb4c(s) {
  let _3, _5, _9;
  _5 = s;
  _9 = _5;
  _3 = { ptr: _5, end_or_len: { buf: _9.buf, off: _9.off + s.len, sc: _9.sc }, _marker: undefined };
  return core$iter$adapters$filter$impl_3_count$h661e5e076c8ca182({ iter: { ptr: _3.ptr, end_or_len: _3.end_or_len, _marker: _3._marker }, predicate: undefined });
}
// str::count::do_count_chars
function core$str$count$do_count_chars$h6d92d158cde8f56b(s) {
  let _0, head, tail, _4, _5, _10, counts, unrolled_chunks, remainder, _17, iter, iter$1, word, counts$1, iter$2, word$1, _34, _36, _37, body, _40, _46, _50, _54, _60, _65, _69, _78, _84, _92, _93, _97, _101, _107;
  _5 = __rt.str_bytes(s);
  _4 = core$slice$impl_0_align_to$hfd324c7af1224cad(_5);
  head = _4[0];
  body = _4[1];
  tail = _4[2];
  _34 = body.len;
  L0: {
    L1: {
      if (_34 !== 0) {
        if (!(head.len > 4)) {
          if (tail.len > 4) {
            break L1;
          } else {
            _10 = core$str$count$char_count_general_case$ha0ff3fad3811cb4c(head);
            _0 = _10 + core$str$count$char_count_general_case$ha0ff3fad3811cb4c(tail) >>> 0;
            L3: {
              for (;;) {
                if (body.len === 0) {
                  break L3;
                } else {
                  _36 = body.len;
                  _37 = 192;
                  if (!(_37 < _36)) {
                    _37 = _36;
                  }
                  _40 = core$slice$impl_0_split_at$h47e08d71a135c9b1(body, _37, { filename: "core/src/slice/iter.rs", line: 1508, col: 37 });
                  body = _40[1];
                  counts = 0;
                  _17 = core$slice$impl_0_as_chunks$h050e2dd584c2810b(_40[0], { filename: "core/src/str/count.rs", line: 80, col: 50 });
                  unrolled_chunks = _17[0];
                  remainder = _17[1];
                  _46 = unrolled_chunks;
                  _50 = _46;
                  iter = { ptr: _46, end_or_len: { buf: _50.buf, off: _50.off + unrolled_chunks.len }, _marker: undefined };
                  for (;;) {
                    _54 = iter.ptr;
                    _60 = _54;
                    if (__rt.ptr_eq(_60, iter.end_or_len)) {
                      break;
                    } else {
                      iter.ptr = { buf: _60.buf, off: _60.off + 1 };
                      _65 = { buf: __rt.array_ref(_54, 4), off: 0, len: 4 };
                      _69 = _65;
                      iter$1 = { ptr: _65, end_or_len: { buf: _69.buf, off: _69.off + 4 }, _marker: undefined };
                      for (;;) {
                        _78 = iter$1.ptr;
                        _84 = _78;
                        if (__rt.ptr_eq(_84, iter$1.end_or_len)) {
                          break;
                        } else {
                          iter$1.ptr = { buf: _84.buf, off: _84.off + 1 };
                          word = _78.buf[_78.off];
                          counts = counts + (((~word >>> 0 >>> 7 >>> 0 | word >>> 6 >>> 0) >>> 0 & 16843009) >>> 0) >>> 0;
                        }
                      }
                    }
                  }
                  _0 = _0 + (Math.imul(((counts & 16711935) >>> 0) + ((counts >>> 8 >>> 0 & 16711935) >>> 0) >>> 0, 65537) >>> 0 >>> 16 >>> 0) >>> 0;
                  _92 = remainder.len;
                  if (_92 !== 0) {
                    break;
                  }
                }
              }
              counts$1 = 0;
              _93 = remainder;
              _97 = _93;
              iter$2 = { ptr: _93, end_or_len: { buf: _97.buf, off: _97.off + _92 }, _marker: undefined };
              for (;;) {
                _101 = iter$2.ptr;
                _107 = _101;
                if (__rt.ptr_eq(_107, iter$2.end_or_len)) {
                  _0 = _0 + (Math.imul(((counts$1 & 16711935) >>> 0) + ((counts$1 >>> 8 >>> 0 & 16711935) >>> 0) >>> 0, 65537) >>> 0 >>> 16 >>> 0) >>> 0;
                  break;
                } else {
                  iter$2.ptr = { buf: _107.buf, off: _107.off + 1 };
                  word$1 = _101.buf[_101.off];
                  counts$1 = counts$1 + (((~word$1 >>> 0 >>> 7 >>> 0 | word$1 >>> 6 >>> 0) >>> 0 & 16843009) >>> 0) >>> 0;
                }
              }
            }
            break L0;
          }
        }
      }
    }
    _0 = core$str$count$char_count_general_case$ha0ff3fad3811cb4c(_5);
  }
  return _0;
}
// <str::iter::Chars<'a> as iter::traits::iterator::Iterator>::count
function core$str$iter$impl_0_count$h12697c668dfdb44c(self) {
  let _0, _2, _3, _4, _5, _6, _7, _9, _18;
  _5 = self.iter.ptr;
  _4 = _5;
  _7 = self.iter.end_or_len;
  _9 = _7;
  if (false) {
    core$ptr$const_ptr$impl_0_offset_from_unsigned$precondition_check$hfdbbbf73001fc0ac(_7, _5, { filename: "core/src/ptr/const_ptr.rs", line: 721, col: 9 });
  }
  _6 = _9.off - _4.off;
  if (false) {
    core$slice$raw$from_raw_parts$precondition_check$h03dd1669dc7ad7f8(_5, 1, 1, _6, { filename: "core/src/slice/raw.rs", line: 127, col: 9 });
  }
  _3 = { buf: _4.buf, off: _4.off, len: _6 };
  _2 = __rt.bytes_str(_3.buf, _3.off, _3.len);
  _18 = __rt.str_bytes(_2);
  if (_18.len < 16) {
    _0 = core$str$count$char_count_general_case$ha0ff3fad3811cb4c(_18);
  } else {
    _0 = core$str$count$do_count_chars$h6d92d158cde8f56b(_2);
  }
  return _0;
}
// <core::str::CharIndices<'a> as core::iter::Iterator>::next
function core$str$iter$impl_5_next$h64d99332f6fe4446(self) {
  let _0, pre_len, ch, index, _9, _11, _12, _13, _17, _20, _23, _25, _26, _27;
  _9 = self.iter.iter.end_or_len;
  _11 = self.iter.iter.ptr;
  _12 = _11;
  _13 = _9;
  if (false) {
    core$ptr$const_ptr$impl_0_offset_from_unsigned$precondition_check$hfdbbbf73001fc0ac(_9, _11, { filename: "core/src/ptr/const_ptr.rs", line: 721, col: 9 });
  }
  pre_len = _13.off - _12.off;
  _17 = core$str$validations$next_code_point$h1f5597fe7917a4b4(self.iter.iter);
  switch (_17.TAG) {
    case "None":
      _0 = { TAG: "None" };
      break;
    case "Some":
      _20 = _17._0;
      if (false) {
        core$char$convert$from_u32_unchecked$precondition_check$h3db43e39f5c3e340(_20, { filename: "core/src/char/convert.rs", line: 29, col: 9 });
      }
      _23 = self.iter.iter.end_or_len;
      _25 = self.iter.iter.ptr;
      ch = _20;
      index = self.front_offset;
      _26 = _25;
      _27 = _23;
      if (false) {
        core$ptr$const_ptr$impl_0_offset_from_unsigned$precondition_check$hfdbbbf73001fc0ac(_23, _25, { filename: "core/src/ptr/const_ptr.rs", line: 721, col: 9 });
      }
      self.front_offset = self.front_offset + (pre_len - (_27.off - _26.off) >>> 0) >>> 0;
      _0 = { TAG: "Some", _0: [index, ch] };
      break;
    default:
      throw new Error("rustc_codegen_js: entered unreachable code");
  }
  return _0;
}
// core::str::next_code_point
function core$str$validations$next_code_point$h1f5597fe7917a4b4(bytes) {
  let _0, x, _4, init, y, _12, ch, _17, y_z, _25, _29, _32;
  _4 = core$slice$iter$impl_171_next$h78fc49b0c6ffb0b3(bytes);
  _29 = _4.TAG;
  L0: {
    L1: {
      switch (_29) {
        case "None":
          _32 = 0 === 0;
          _0 = { TAG: "None" };
          break;
        case "Some":
          x = _4._0.buf[_4._0.off];
          if (x < 128) {
            _0 = { TAG: "Some", _0: x >>> 0 };
          } else {
            init = (x & 31 & 255) >>> 0;
            _12 = core$slice$iter$impl_171_next$h78fc49b0c6ffb0b3(bytes);
            switch (_12.TAG) {
              case "None":
                core$hint$unreachable_unchecked$precondition_check$hbef3185a376d7214({ filename: "core/src/hint.rs", line: 104, col: 5 });
                break L0;
              case "Some":
                y = _12._0.buf[_12._0.off];
                ch = (init << 6 >>> 0 | (y & 63 & 255) >>> 0) >>> 0;
                if (x >= 224) {
                  _17 = core$slice$iter$impl_171_next$h78fc49b0c6ffb0b3(bytes);
                  switch (_17.TAG) {
                    case "None":
                      core$hint$unreachable_unchecked$precondition_check$hbef3185a376d7214({ filename: "core/src/hint.rs", line: 104, col: 5 });
                      break L0;
                    case "Some":
                      y_z = ((y & 63 & 255) >>> 0 << 6 >>> 0 | (_17._0.buf[_17._0.off] & 63 & 255) >>> 0) >>> 0;
                      ch = (init << 12 >>> 0 | y_z) >>> 0;
                      if (x >= 240) {
                        _25 = core$slice$iter$impl_171_next$h78fc49b0c6ffb0b3(bytes);
                        switch (_25.TAG) {
                          case "None":
                            core$hint$unreachable_unchecked$precondition_check$hbef3185a376d7214({ filename: "core/src/hint.rs", line: 104, col: 5 });
                            break L0;
                          case "Some":
                            ch = ((init & 7) >>> 0 << 18 >>> 0 | (y_z << 6 >>> 0 | (_25._0.buf[_25._0.off] & 63 & 255) >>> 0) >>> 0) >>> 0;
                            break;
                          default:
                            break L0;
                        }
                      }
                      break;
                    default:
                      break L0;
                  }
                }
                _0 = { TAG: "Some", _0: ch };
                break L1;
              default:
                break L0;
            }
          }
          break;
        default:
          break L0;
      }
    }
    return _0;
  }
  throw new Error("rustc_codegen_js: entered unreachable code");
}
// lib::display_to_str
function lib$display_to_str$h852ad1271906f064(v) {
  let _0, handle, sink, _5, args$1;
  handle = __rt.sb_new();
  sink = { _0: handle };
  _5 = sink;
  args$1 = [core$fmt$rt$impl_0_new_display$hb04eb07c251812a8([v][0])];
  core$fmt$Write$write_fmt$had18736bafff013a(_5, core$fmt$impl_4_new$hd82673c5a28e1483([192, 0], args$1));
  _0 = __rt.sb_take(handle);
  core$ptr$drop_glue$h0af1cfc3e67119df(v);
  return _0;
}
// lib::display_to_str
function lib$display_to_str$ha45a0bdee1a1a883(v) {
  let handle, sink, _5, args$1;
  handle = __rt.sb_new();
  sink = { _0: handle };
  _5 = sink;
  args$1 = [core$fmt$rt$impl_0_new_display$h7192e338ead43862([v][0])];
  core$fmt$Write$write_fmt$had18736bafff013a(_5, core$fmt$impl_4_new$hd82673c5a28e1483([192, 0], args$1));
  return __rt.sb_take(handle);
}
// <Sink as core::fmt::Write>::write_char
function lib$impl_4_write_char$h2ebd2c84e3615c11(self, c) {
  __rt.sb_push_char(self._0, c);
  return { TAG: "Ok", _0: undefined };
}
// <Sink as core::fmt::Write>::write_str
function lib$impl_4_write_str$h93d2e30ceff31153(self, s) {
  __rt.sb_push(self._0, s);
  return { TAG: "Ok", _0: undefined };
}
// rust_entry
function rust_entry() {
  let title = [], titles;
  x19_text_conversion$borrowed_str$hdbee7252cee62819("John");
  title[0] = "Hello";
  x19_text_conversion$double_ref$h3df2af2c8ce2e4d7({ buf: title, off: 0 });
  x19_text_conversion$primitives$hf83a6087055ffd75(-7, 1.5, true, 74);
  x19_text_conversion$owned_string$he857fe032fcbe9e7(alloc$string$impl_48_from$he3d13751303212b5("owned"));
  x19_text_conversion$display_impl$h63798fc46b00394c({ major: 1, minor: 4 });
  titles = ["A", "B"];
  x19_text_conversion$rows$h87dac8b96dfd7be7({ buf: titles, off: 0, len: 2 });
}
// borrowed_str
function x19_text_conversion$borrowed_str$hdbee7252cee62819(name) {
  let _0;
  _0 = tmpl$h94c848bb069142c0();
  _$insert(_0, name);
  return _0;
}
// display_impl
function x19_text_conversion$display_impl$h63798fc46b00394c(version) {
  let _0, _5;
  _0 = tmpl$h94c848bb069142c0();
  _5 = lib$display_to_str$ha45a0bdee1a1a883({ major: version.major, minor: version.minor });
  _$insert(_0, _5);
  return _0;
}
// double_ref
function x19_text_conversion$double_ref$h3df2af2c8ce2e4d7(title) {
  let _0;
  _0 = tmpl$h94c848bb069142c0();
  _$insert(_0, title.buf[title.off]);
  return _0;
}
// <Version as core::fmt::Display>::fmt
function x19_text_conversion$impl_0_fmt$h48234c5f6771bcc4(self, f) {
  let args, args$1, _8;
  args = [{ buf: self, off: "major" }, { buf: self, off: "minor" }];
  _8 = core$fmt$rt$impl_0_new_display$h50a8105be61c1269(args[0]);
  args$1 = [_8, core$fmt$rt$impl_0_new_display$h50a8105be61c1269(args[1])];
  return core$fmt$impl_12_write_fmt$h1f497da92f332dc5(f, core$fmt$impl_4_new$h196b3ee4d86f52a8([1, 118, 192, 1, 46, 192, 0], args$1));
}
// owned_string
function x19_text_conversion$owned_string$he857fe032fcbe9e7(owned) {
  let _0, _5;
  _0 = tmpl$h94c848bb069142c0();
  _5 = lib$display_to_str$h852ad1271906f064({ vec: { buf: { inner: { ptr: owned.vec.buf.inner.ptr, cap: owned.vec.buf.inner.cap, alloc: owned.vec.buf.inner.alloc }, _marker: owned.vec.buf._marker }, len: owned.vec.len } });
  _$insert(_0, _5);
  return _0;
}
// primitives
function x19_text_conversion$primitives$hf83a6087055ffd75(n, ratio, flag, initial) {
  let _0, _8, _11, _14, _17, $t0, $t1, $t2, $t3;
  _0 = tmpl$h85a5b653bbcc8b42();
  $t0 = _0.firstChild;
  $t1 = $t0.nextSibling;
  $t2 = $t1.nextSibling;
  $t3 = $t2.nextSibling;
  _8 = String(n);
  _$insert($t0, _8);
  _11 = String(ratio);
  _$insert($t1, _11);
  _14 = String(flag);
  _$insert($t2, _14);
  _17 = String.fromCodePoint(initial);
  _$insert($t3, _17);
  return _0;
}
// rows
function x19_text_conversion$rows$h87dac8b96dfd7be7(titles) {
  let _0, __tc_rows, iter, _8, title, __tc_root_1;
  _0 = tmpl$hf6cbd6a9cadd62de();
  __tc_rows = [];
  iter = core$slice$iter$impl_1_into_iter$h0e31e67d248b37d9(titles);
  for (;;) {
    _8 = core$slice$iter$impl_171_next$hc726822981337141(iter);
    switch (_8.TAG) {
      case "None":
        _$insert(_0, __tc_rows);
        return _0;
      case "Some":
        title = _8._0;
        __tc_root_1 = tmpl$he15647176a3d34ce();
        _$insert(__tc_root_1, title.buf[title.off]);
        __tc_rows.push(__tc_root_1);
        break;
      default:
        throw new Error("rustc_codegen_js: entered unreachable code");
    }
  }
}

function alloc$vec$impl_1_set_len$precondition_check$hbd50cb228ff725b7() {
  throw new Error("rustc_codegen_js: `alloc$vec$impl_1_set_len$precondition_check$hbd50cb228ff725b7` was never codegenned; the monomorphization collector proved every call to it unreachable");
}

function core$alloc$layout$impl_0_from_size_align_unchecked$precondition_check$h05bbdc381a6f4bb6() {
  throw new Error("rustc_codegen_js: `core$alloc$layout$impl_0_from_size_align_unchecked$precondition_check$h05bbdc381a6f4bb6` was never codegenned; the monomorphization collector proved every call to it unreachable");
}

function core$char$convert$from_u32_unchecked$precondition_check$h3db43e39f5c3e340() {
  throw new Error("rustc_codegen_js: `core$char$convert$from_u32_unchecked$precondition_check$h3db43e39f5c3e340` was never codegenned; the monomorphization collector proved every call to it unreachable");
}

function core$hint$assert_unchecked$precondition_check$hdce51c1a1d470deb() {
  throw new Error("rustc_codegen_js: `core$hint$assert_unchecked$precondition_check$hdce51c1a1d470deb` was never codegenned; the monomorphization collector proved every call to it unreachable");
}

function core$num$impl_11_unchecked_add$precondition_check$h2c5b7a8f76b5f2dc() {
  throw new Error("rustc_codegen_js: `core$num$impl_11_unchecked_add$precondition_check$h2c5b7a8f76b5f2dc` was never codegenned; the monomorphization collector proved every call to it unreachable");
}

function core$num$impl_11_unchecked_mul$precondition_check$he9b4e9f8dc33cc65() {
  throw new Error("rustc_codegen_js: `core$num$impl_11_unchecked_mul$precondition_check$he9b4e9f8dc33cc65` was never codegenned; the monomorphization collector proved every call to it unreachable");
}

function core$num$impl_11_unchecked_sub$precondition_check$h4c33ce104fc15265() {
  throw new Error("rustc_codegen_js: `core$num$impl_11_unchecked_sub$precondition_check$h4c33ce104fc15265` was never codegenned; the monomorphization collector proved every call to it unreachable");
}

function core$num$impl_7_unchecked_add$precondition_check$h8fe53dade74a2a0c() {
  throw new Error("rustc_codegen_js: `core$num$impl_7_unchecked_add$precondition_check$h8fe53dade74a2a0c` was never codegenned; the monomorphization collector proved every call to it unreachable");
}

function core$ptr$const_ptr$impl_0_offset_from_unsigned$precondition_check$hfdbbbf73001fc0ac() {
  throw new Error("rustc_codegen_js: `core$ptr$const_ptr$impl_0_offset_from_unsigned$precondition_check$hfdbbbf73001fc0ac` was never codegenned; the monomorphization collector proved every call to it unreachable");
}

function core$ptr$copy_nonoverlapping$precondition_check$h25cfb1cf714f1d8e() {
  throw new Error("rustc_codegen_js: `core$ptr$copy_nonoverlapping$precondition_check$h25cfb1cf714f1d8e` was never codegenned; the monomorphization collector proved every call to it unreachable");
}

function core$ptr$non_null$impl_3_new_unchecked$precondition_check$hd790945cfeefe665() {
  throw new Error("rustc_codegen_js: `core$ptr$non_null$impl_3_new_unchecked$precondition_check$hd790945cfeefe665` was never codegenned; the monomorphization collector proved every call to it unreachable");
}

function core$slice$impl_0_as_chunks_unchecked$precondition_check$hee95eca2b2016514() {
  throw new Error("rustc_codegen_js: `core$slice$impl_0_as_chunks_unchecked$precondition_check$hee95eca2b2016514` was never codegenned; the monomorphization collector proved every call to it unreachable");
}

function core$slice$impl_0_split_at_unchecked$precondition_check$h663603bd5c212177() {
  throw new Error("rustc_codegen_js: `core$slice$impl_0_split_at_unchecked$precondition_check$h663603bd5c212177` was never codegenned; the monomorphization collector proved every call to it unreachable");
}

function core$slice$index$impl_4_get_unchecked$precondition_check$hb07e18c5bfd4f27c() {
  throw new Error("rustc_codegen_js: `core$slice$index$impl_4_get_unchecked$precondition_check$hb07e18c5bfd4f27c` was never codegenned; the monomorphization collector proved every call to it unreachable");
}

function core$slice$raw$from_raw_parts$precondition_check$h03dd1669dc7ad7f8() {
  throw new Error("rustc_codegen_js: `core$slice$raw$from_raw_parts$precondition_check$h03dd1669dc7ad7f8` was never codegenned; the monomorphization collector proved every call to it unreachable");
}

function core$str$traits$impl_7_get_unchecked$precondition_check$h364e891202df6893() {
  throw new Error("rustc_codegen_js: `core$str$traits$impl_7_get_unchecked$precondition_check$h364e891202df6893` was never codegenned; the monomorphization collector proved every call to it unreachable");
}
export { _RNvCs1lVxXr9ZvqQ_7___rustc17rust_begin_unwind, rust_entry };
