{"$record":"header","$generatedBy":"scripts/dom-trace.mjs","$what":"Normalized runtime-call trace of a rustc_codegen_js-compiled client module executed against contract/harness/trace.mjs.","fixture":"domtest/20_keyed_for","label":"domtest/20_keyed_for","freeBindingsHealed":[],"status":"completed","error":null,"recordCount":42}
{"op":"template","tmpl":"tmpl#0","html":"<ul></ul>"}
{"op":"template","tmpl":"tmpl#1","html":"<li></li>"}
{"op":"template.clone","tmpl":"tmpl#0","result":"tmpl#0:root"}
{"op":"template.clone","tmpl":"tmpl#1","result":"tmpl#1:root"}
{"op":"insert","parent":"tmpl#1:root","accessor":"A","marker":"undefined","initial":"undefined"}
{"op":"template.clone","tmpl":"tmpl#1","result":"tmpl#1:root"}
{"op":"insert","parent":"tmpl#1:root","accessor":"B","marker":"undefined","initial":"undefined"}
{"op":"template.clone","tmpl":"tmpl#1","result":"tmpl#1:root"}
{"op":"insert","parent":"tmpl#1:root","accessor":"C","marker":"undefined","initial":"undefined"}
{"op":"insert","parent":"tmpl#0:root","accessor":["tmpl#1:root","tmpl#1:root","tmpl#1:root"],"marker":"undefined","initial":"undefined"}
{"op":"template.clone","tmpl":"tmpl#0","result":"tmpl#0:root"}
{"op":"template.clone","tmpl":"tmpl#1","result":"tmpl#1:root"}
{"op":"insert","parent":"tmpl#1:root","accessor":"C","marker":"undefined","initial":"undefined"}
{"op":"template.clone","tmpl":"tmpl#1","result":"tmpl#1:root"}
{"op":"insert","parent":"tmpl#1:root","accessor":"A","marker":"undefined","initial":"undefined"}
{"op":"template.clone","tmpl":"tmpl#1","result":"tmpl#1:root"}
{"op":"insert","parent":"tmpl#1:root","accessor":"B","marker":"undefined","initial":"undefined"}
{"op":"insert","parent":"tmpl#0:root","accessor":["tmpl#1:root","tmpl#1:root","tmpl#1:root"],"marker":"undefined","initial":"undefined"}
{"op":"template.clone","tmpl":"tmpl#0","result":"tmpl#0:root"}
{"op":"template.clone","tmpl":"tmpl#1","result":"tmpl#1:root"}
{"op":"insert","parent":"tmpl#1:root","accessor":"B","marker":"undefined","initial":"undefined"}
{"op":"template.clone","tmpl":"tmpl#1","result":"tmpl#1:root"}
{"op":"insert","parent":"tmpl#1:root","accessor":"D","marker":"undefined","initial":"undefined"}
{"op":"template.clone","tmpl":"tmpl#1","result":"tmpl#1:root"}
{"op":"insert","parent":"tmpl#1:root","accessor":"A","marker":"undefined","initial":"undefined"}
{"op":"insert","parent":"tmpl#0:root","accessor":["tmpl#1:root","tmpl#1:root","tmpl#1:root"],"marker":"undefined","initial":"undefined"}
{"op":"template.clone","tmpl":"tmpl#0","result":"tmpl#0:root"}
{"op":"template.clone","tmpl":"tmpl#1","result":"tmpl#1:root"}
{"op":"insert","parent":"tmpl#1:root","accessor":"A","marker":"undefined","initial":"undefined"}
{"op":"template.clone","tmpl":"tmpl#1","result":"tmpl#1:root"}
{"op":"insert","parent":"tmpl#1:root","accessor":"B","marker":"undefined","initial":"undefined"}
{"op":"template.clone","tmpl":"tmpl#1","result":"tmpl#1:root"}
{"op":"insert","parent":"tmpl#1:root","accessor":"C","marker":"undefined","initial":"undefined"}
{"op":"insert","parent":"tmpl#0:root","accessor":["tmpl#1:root","tmpl#1:root","tmpl#1:root"],"marker":"undefined","initial":"undefined"}
{"op":"template.clone","tmpl":"tmpl#0","result":"tmpl#0:root"}
{"op":"template.clone","tmpl":"tmpl#1","result":"tmpl#1:root"}
{"op":"insert","parent":"tmpl#1:root","accessor":1,"marker":"undefined","initial":"undefined"}
{"op":"template.clone","tmpl":"tmpl#1","result":"tmpl#1:root"}
{"op":"insert","parent":"tmpl#1:root","accessor":2,"marker":"undefined","initial":"undefined"}
{"op":"template.clone","tmpl":"tmpl#1","result":"tmpl#1:root"}
{"op":"insert","parent":"tmpl#1:root","accessor":3,"marker":"undefined","initial":"undefined"}
{"op":"insert","parent":"tmpl#0:root","accessor":["tmpl#1:root","tmpl#1:root","tmpl#1:root"],"marker":"undefined","initial":"undefined"}
