// rustc_codegen_js — program
import * as __rt from "./shim.js";
// ./topcoat-dom.js
import { createSignal as _$createSignal } from "./topcoat-dom.js";
// ./topcoat-dom.js
import { delegateEvents as _$delegateEvents } from "./topcoat-dom.js";
// ./topcoat-dom.js
import { insert as _$insert } from "./topcoat-dom.js";
// ./topcoat-dom.js
import { setAttribute as _$setAttribute } from "./topcoat-dom.js";
// ./topcoat-dom.js
import { template as _$template } from "./topcoat-dom.js";
const tmpl$h8e29108b7880eb80 = _$template("<div><p></p><ul></ul></div>");
const tmpl$h7c08cd58a423945b = _$template("<li><button></button></li>");
// ROWS
let x23_for_row_handlers$ROWS$hd4ee9717bbdada47 = [{ id: 10, name: "alpha" }, { id: 20, name: "beta" }, { id: 30, name: "gamma" }];
// panic
function _RNvCs1lVxXr9ZvqQ_7___rustc17rust_begin_unwind(_1) {
  for (;;) {}
}
// container
function container() {
  let _0, picked, _5, _8, __tc_rows, iter, _17, row, __tc_root_1, $t0, $t1, $t2;
  picked = _$createSignal("");
  _0 = tmpl$h8e29108b7880eb80();
  $t0 = _0.firstChild;
  $t1 = $t0.nextSibling;
  _$delegateEvents(["click"]);
  _5 = [picked];
  _$insert($t0, () => x23_for_row_handlers$container$closure_0$h42fde61ec513a8b4(_5));
  _8 = [picked];
  $t1.$$click = ($a0) => x23_for_row_handlers$container$closure_1$h32453e0cbe7a1ddb(_8, $a0);
  __tc_rows = [];
  iter = core$iter$traits$collect$impl_0_into_iter$h910a2d4640798f4f(core$slice$impl_0_iter$h44552844a43a4ac9({ buf: x23_for_row_handlers$ROWS$hd4ee9717bbdada47, off: 0, len: 3 }));
  for (;;) {
    _17 = core$slice$iter$impl_171_next$h652c16eaeec172d0(iter);
    switch (_17.TAG) {
      case "None":
        _$insert($t1, __tc_rows);
        return _0;
      case "Some":
        row = _17._0;
        __tc_root_1 = tmpl$h7c08cd58a423945b();
        $t2 = __tc_root_1.firstChild;
        _$setAttribute($t2, "value", row.name);
        _$insert($t2, row.name);
        __tc_rows.push(__tc_root_1);
        break;
      default:
        throw new Error("rustc_codegen_js: entered unreachable code");
    }
  }
}
// <core::iter::Filter<I, P> as core::iter::Iterator>::next
function core$iter$adapters$filter$impl_3_next$h3c19fd614c36aa9f(self) {
  return core$slice$iter$impl_171_find$h7c7b40041aecc6c9(self.iter, self.predicate);
}
// <I as core::iter::IntoIterator>::into_iter
function core$iter$traits$collect$impl_0_into_iter$h30b4075742566bb8(self) {
  return self;
}
// <I as core::iter::IntoIterator>::into_iter
function core$iter$traits$collect$impl_0_into_iter$h910a2d4640798f4f(self) {
  return self;
}
// core::iter::Iterator::filter
function core$iter$traits$iterator$Iterator$filter$ha7434270166dfa08(self, predicate) {
  return { iter: { ptr: self.ptr, end_or_len: self.end_or_len, _marker: self._marker }, predicate: [predicate[0]] };
}
// core::ops::function::impls::<impl core::ops::FnMut<A> for &mut F>::call_mut
function core$ops$function$impls$impl_3_call_mut$h6a4e05d5fa5126f3(self, args$e0) {
  let args = [args$e0];
  return x23_for_row_handlers$per_row_reactive$closure_1_closure_0$h2ac3c642f1724ede(self.buf[self.off], args[0]);
}
// core::slice::<impl [T]>::iter
function core$slice$impl_0_iter$h44552844a43a4ac9(self) {
  return core$slice$iter$impl_6_new$h96b87668250691a4(self);
}
// <core::slice::Iter<'a, T> as core::iter::Iterator>::find
function core$slice$iter$impl_171_find$h7c7b40041aecc6c9(self, predicate) {
  let _0, x = [], _9, _10, _11, _18;
  predicate = [predicate];
  for (;;) {
    _9 = self.ptr;
    _10 = self.end_or_len;
    L1: {
      L2: {
        if (false) {
          _11 = __rt.addr(_10, 12) >>> 0;
          if (_11 === 0) {
            break L2;
          } else {
            if (false) {
              core$num$impl_11_unchecked_sub$precondition_check$h4c33ce104fc15265(_11, 1, { filename: "core/src/num/mod.rs", line: 1417, col: 5 });
            }
            self.end_or_len = _11 - 1 >>> 0;
          }
        } else {
          _18 = _9;
          if (__rt.ptr_eq(_18, _10)) {
            break L2;
          } else {
            self.ptr = { buf: _18.buf, off: _18.off + 1 };
          }
        }
        x[0] = _9.buf[_9.off];
        if (core$ops$function$impls$impl_3_call_mut$h6a4e05d5fa5126f3({ buf: predicate, off: 0 }, [{ buf: x, off: 0 }][0])) {
          _0 = { TAG: "Some", _0: x[0] };
          break L1;
        } else {
          continue;
        }
      }
      _0 = { TAG: "None" };
    }
    return _0;
  }
}
// <core::slice::Iter<'a, T> as core::iter::Iterator>::next
function core$slice$iter$impl_171_next$h652c16eaeec172d0(self) {
  let _0, ptr, end_or_len, len, _11;
  ptr = self.ptr;
  end_or_len = self.end_or_len;
  L0: {
    L1: {
      if (false) {
        len = __rt.addr(end_or_len, 12) >>> 0;
        if (len === 0) {
          _0 = { TAG: "None" };
          break L1;
        } else {
          if (false) {
            core$num$impl_11_unchecked_sub$precondition_check$h4c33ce104fc15265(len, 1, { filename: "core/src/num/mod.rs", line: 1417, col: 5 });
          }
          self.end_or_len = len - 1 >>> 0;
        }
      } else {
        _11 = ptr;
        if (__rt.ptr_eq(_11, end_or_len)) {
          _0 = { TAG: "None" };
          break L1;
        } else {
          self.ptr = { buf: _11.buf, off: _11.off + 1 };
        }
      }
      _0 = { TAG: "Some", _0: ptr.buf[ptr.off] };
      break L0;
    }
  }
  return _0;
}
// core::slice::Iter::<'a, T>::new
function core$slice$iter$impl_6_new$h96b87668250691a4(slice) {
  let len, ptr, end_or_len, _7;
  len = slice.len;
  ptr = slice;
  if (false) {
    end_or_len = len;
  } else {
    _7 = ptr;
    end_or_len = { buf: _7.buf, off: _7.off + len };
  }
  return { ptr: ptr, end_or_len: end_or_len, _marker: undefined };
}
// Event::target_value
function lib$impl_0_target_value$hb940ae051483159d(self) {
  return self.target.value || "";
}
// lib::Sig::<T>::get
function lib$impl_1_get$h04611f6253cd488a(self) {
  return self[0]();
}
// lib::Sig::<T>::get
function lib$impl_1_get$hcd9f475050de987d(self) {
  return self[0]();
}
// lib::Sig::<T>::set
function lib$impl_1_set$h0a2e433321bf6a09(self, value) {
  self[1](value);
}
// lib::Sig::<T>::set
function lib$impl_1_set$hbf5e226192239f53(self, value) {
  self[1](value);
}
// per_row
function per_row() {
  let _0, picked, _5, __tc_rows, iter, _14, row, __tc_root_1, $t0, $t1, $t2;
  picked = _$createSignal(0);
  _0 = tmpl$h8e29108b7880eb80();
  $t0 = _0.firstChild;
  $t1 = $t0.nextSibling;
  _5 = [picked];
  _$insert($t0, () => x23_for_row_handlers$per_row$closure_0$h5ca6e952da47a571(_5));
  __tc_rows = [];
  iter = core$iter$traits$collect$impl_0_into_iter$h910a2d4640798f4f(core$slice$impl_0_iter$h44552844a43a4ac9({ buf: x23_for_row_handlers$ROWS$hd4ee9717bbdada47, off: 0, len: 3 }));
  for (;;) {
    _14 = core$slice$iter$impl_171_next$h652c16eaeec172d0(iter);
    switch (_14.TAG) {
      case "None":
        _$insert($t1, __tc_rows);
        return _0;
      case "Some":
        row = _14._0;
        __tc_root_1 = tmpl$h7c08cd58a423945b();
        $t2 = __tc_root_1.firstChild;
        _$delegateEvents(["click"]);
        $t2.$$click = (($c) => ($a0) => x23_for_row_handlers$per_row$closure_1$h61ac8aab8c7664e2($c, $a0))([picked, row]);
        _$insert($t2, row.name);
        __tc_rows.push(__tc_root_1);
        break;
      default:
        throw new Error("rustc_codegen_js: entered unreachable code");
    }
  }
}
// per_row_reactive
function per_row_reactive() {
  let _0, limit, picked, _6, _9, $t0, $t1;
  limit = _$createSignal(30);
  picked = _$createSignal(0);
  _0 = tmpl$h8e29108b7880eb80();
  $t0 = _0.firstChild;
  $t1 = $t0.nextSibling;
  _6 = [picked];
  _$insert($t0, () => x23_for_row_handlers$per_row_reactive$closure_0$he8f6f690ffffb09f(_6));
  _9 = [limit, picked];
  _$insert($t1, () => x23_for_row_handlers$per_row_reactive$closure_1$h2b06d536df7b24b2(_9));
  return _0;
}
// rust_entry
function rust_entry() {
  per_row();
  container();
  per_row_reactive();
}
// container::{closure#0}
function x23_for_row_handlers$container$closure_0$h42fde61ec513a8b4(_1) {
  return lib$impl_1_get$hcd9f475050de987d(_1[0]);
}
// container::{closure#1}
function x23_for_row_handlers$container$closure_1$h32453e0cbe7a1ddb(_1, e) {
  let _0, _3;
  _3 = _1[0];
  _0 = lib$impl_1_set$h0a2e433321bf6a09(_3, lib$impl_0_target_value$hb940ae051483159d(e));
}
// per_row::{closure#0}
function x23_for_row_handlers$per_row$closure_0$h5ca6e952da47a571(_1) {
  return lib$impl_1_get$h04611f6253cd488a(_1[0]);
}
// per_row::{closure#1}
function x23_for_row_handlers$per_row$closure_1$h61ac8aab8c7664e2(_1, _e) {
  let _0;
  _0 = lib$impl_1_set$hbf5e226192239f53(_1[0], _1[1].id);
}
// per_row_reactive::{closure#0}
function x23_for_row_handlers$per_row_reactive$closure_0$he8f6f690ffffb09f(_1) {
  return lib$impl_1_get$h04611f6253cd488a(_1[0]);
}
// per_row_reactive::{closure#1}
function x23_for_row_handlers$per_row_reactive$closure_1$h2b06d536df7b24b2(_1) {
  let _0, iter, _10, row, __tc_root_1, $t0;
  _0 = [];
  iter = core$iter$traits$collect$impl_0_into_iter$h30b4075742566bb8(core$iter$traits$iterator$Iterator$filter$ha7434270166dfa08(core$slice$impl_0_iter$h44552844a43a4ac9({ buf: x23_for_row_handlers$ROWS$hd4ee9717bbdada47, off: 0, len: 3 }), [{ buf: _1, off: 0 }]));
  for (;;) {
    _10 = core$iter$adapters$filter$impl_3_next$h3c19fd614c36aa9f(iter);
    switch (_10.TAG) {
      case "None":
        return _0;
      case "Some":
        row = _10._0;
        __tc_root_1 = tmpl$h7c08cd58a423945b();
        $t0 = __tc_root_1.firstChild;
        _$delegateEvents(["click"]);
        $t0.$$click = (($c) => ($a0) => x23_for_row_handlers$per_row_reactive$closure_1_closure_1$h060bf7bec694041f($c, $a0))([_1[1], row]);
        _$insert($t0, row.name);
        _0.push(__tc_root_1);
        break;
      default:
        throw new Error("rustc_codegen_js: entered unreachable code");
    }
  }
}
// per_row_reactive::{closure#1}::{closure#0}
function x23_for_row_handlers$per_row_reactive$closure_1_closure_0$h2ac3c642f1724ede(_1, row) {
  let _3;
  _3 = row.buf[row.off].id;
  return _3 <= lib$impl_1_get$h04611f6253cd488a(_1[0].buf[_1[0].off]);
}
// per_row_reactive::{closure#1}::{closure#1}
function x23_for_row_handlers$per_row_reactive$closure_1_closure_1$h060bf7bec694041f(_1, _e) {
  let _0;
  _0 = lib$impl_1_set$hbf5e226192239f53(_1[0], _1[1].id);
}

function core$num$impl_11_unchecked_sub$precondition_check$h4c33ce104fc15265() {
  throw new Error("rustc_codegen_js: `core$num$impl_11_unchecked_sub$precondition_check$h4c33ce104fc15265` was never codegenned; the monomorphization collector proved every call to it unreachable");
}
export { _RNvCs1lVxXr9ZvqQ_7___rustc17rust_begin_unwind, container, per_row, per_row_reactive, rust_entry };
