import * as __rt from "./shim.js";
function __island_a() {
  x19_chunks$mini_core$print_str$ha7091700cec2948f("a");
  x19_chunks$mini_core$print_i32$h03a0ab5afd07a6ca(x19_chunks$only_a$he540914af2283378(20));
}
function __island_b() {
  x19_chunks$mini_core$print_str$ha7091700cec2948f("b");
  x19_chunks$mini_core$print_i32$h03a0ab5afd07a6ca(x19_chunks$only_b$hc3fee5938e27bab7(20));
}
function rust_entry() {
  __island_a();
  __island_b();
}
function x19_chunks$only_a$he540914af2283378(x) {
  return x19_chunks$shared_add$hc9865bfa68abd03f(x) + 1 | 0;
}
function x19_chunks$only_b$hc3fee5938e27bab7(x) {
  return x19_chunks$shared_add$hc9865bfa68abd03f(x) - 1 | 0;
}
function x19_chunks$shared_add$hc9865bfa68abd03f(x) {
  return x + x | 0;
}
export { __island_a, __island_b, rust_entry };
